../Core/Src/main.c:69:6:transmit	16	static
../Core/Src/main.c:75:6:transmitc	16	static
../Core/Src/main.c:79:6:receive	8	static
../Core/Src/main.c:83:6:HAL_UART_RxCpltCallback	16	static
../Core/Src/main.c:88:6:HAL_UART_TxCpltCallback	1040	static
../Core/Src/main.c:108:6:HAL_TIM_PeriodElapsedCallback	24	static
../Core/Src/main.c:171:8:leds_str	16	static
../Core/Src/main.c:142:5:main	24	static
../Core/Src/main.c:178:8:print_mode_message	424	static
../Core/Src/main.c:207:8:handle_command	160	static
../Core/Src/main.c:356:6:SystemClock_Config	88	static
../Core/Src/main.c:401:6:Error_Handler	4	static,ignoring_inline_asm
