../Core/Src/main.c:71:6:transmit	16	static
../Core/Src/main.c:77:6:transmitc	16	static
../Core/Src/main.c:81:6:receive	8	static
../Core/Src/main.c:85:6:HAL_UART_RxCpltCallback	16	static
../Core/Src/main.c:90:6:HAL_UART_TxCpltCallback	1056	static,ignoring_inline_asm
../Core/Src/main.c:114:6:HAL_TIM_PeriodElapsedCallback	24	static
../Core/Src/main.c:184:8:leds_str	16	static
../Core/Src/main.c:154:5:main	16	static
../Core/Src/main.c:191:10:print_mode_message	512	static
../Core/Src/main.c:209:10:handle_command	160	static
../Core/Src/main.c:312:10:parse_pressed_button	16	static
../Core/Src/main.c:418:6:SystemClock_Config	88	static
../Core/Src/main.c:463:6:Error_Handler	4	static,ignoring_inline_asm
