Archive member included to satisfy reference by file (symbol)

/Applications/STM32CubeIDE.app/Contents/Eclipse/plugins/com.st.stm32cube.ide.mcu.externaltools.gnu-tools-for-stm32.10.3-2021.10.macos64_1.0.0.202111181127/tools/bin/../lib/gcc/arm-none-eabi/10.3.1/../../../../arm-none-eabi/lib/thumb/v7e-m+fp/hard/libc_nano.a(lib_a-errno.o)
                              ./Core/Src/syscalls.o (__errno)
/Applications/STM32CubeIDE.app/Contents/Eclipse/plugins/com.st.stm32cube.ide.mcu.externaltools.gnu-tools-for-stm32.10.3-2021.10.macos64_1.0.0.202111181127/tools/bin/../lib/gcc/arm-none-eabi/10.3.1/../../../../arm-none-eabi/lib/thumb/v7e-m+fp/hard/libc_nano.a(lib_a-exit.o)
                              /Applications/STM32CubeIDE.app/Contents/Eclipse/plugins/com.st.stm32cube.ide.mcu.externaltools.gnu-tools-for-stm32.10.3-2021.10.macos64_1.0.0.202111181127/tools/bin/../lib/gcc/arm-none-eabi/10.3.1/../../../../arm-none-eabi/lib/thumb/v7e-m+fp/hard/crt0.o (exit)
/Applications/STM32CubeIDE.app/Contents/Eclipse/plugins/com.st.stm32cube.ide.mcu.externaltools.gnu-tools-for-stm32.10.3-2021.10.macos64_1.0.0.202111181127/tools/bin/../lib/gcc/arm-none-eabi/10.3.1/../../../../arm-none-eabi/lib/thumb/v7e-m+fp/hard/libc_nano.a(lib_a-impure.o)
                              /Applications/STM32CubeIDE.app/Contents/Eclipse/plugins/com.st.stm32cube.ide.mcu.externaltools.gnu-tools-for-stm32.10.3-2021.10.macos64_1.0.0.202111181127/tools/bin/../lib/gcc/arm-none-eabi/10.3.1/../../../../arm-none-eabi/lib/thumb/v7e-m+fp/hard/libc_nano.a(lib_a-exit.o) (_global_impure_ptr)
/Applications/STM32CubeIDE.app/Contents/Eclipse/plugins/com.st.stm32cube.ide.mcu.externaltools.gnu-tools-for-stm32.10.3-2021.10.macos64_1.0.0.202111181127/tools/bin/../lib/gcc/arm-none-eabi/10.3.1/../../../../arm-none-eabi/lib/thumb/v7e-m+fp/hard/libc_nano.a(lib_a-init.o)
                              /Applications/STM32CubeIDE.app/Contents/Eclipse/plugins/com.st.stm32cube.ide.mcu.externaltools.gnu-tools-for-stm32.10.3-2021.10.macos64_1.0.0.202111181127/tools/bin/../lib/gcc/arm-none-eabi/10.3.1/../../../../arm-none-eabi/lib/thumb/v7e-m+fp/hard/crt0.o (__libc_init_array)
/Applications/STM32CubeIDE.app/Contents/Eclipse/plugins/com.st.stm32cube.ide.mcu.externaltools.gnu-tools-for-stm32.10.3-2021.10.macos64_1.0.0.202111181127/tools/bin/../lib/gcc/arm-none-eabi/10.3.1/../../../../arm-none-eabi/lib/thumb/v7e-m+fp/hard/libc_nano.a(lib_a-memcpy-stub.o)
                              ./Core/Src/main.o (memcpy)
/Applications/STM32CubeIDE.app/Contents/Eclipse/plugins/com.st.stm32cube.ide.mcu.externaltools.gnu-tools-for-stm32.10.3-2021.10.macos64_1.0.0.202111181127/tools/bin/../lib/gcc/arm-none-eabi/10.3.1/../../../../arm-none-eabi/lib/thumb/v7e-m+fp/hard/libc_nano.a(lib_a-memset.o)
                              /Applications/STM32CubeIDE.app/Contents/Eclipse/plugins/com.st.stm32cube.ide.mcu.externaltools.gnu-tools-for-stm32.10.3-2021.10.macos64_1.0.0.202111181127/tools/bin/../lib/gcc/arm-none-eabi/10.3.1/../../../../arm-none-eabi/lib/thumb/v7e-m+fp/hard/crt0.o (memset)
/Applications/STM32CubeIDE.app/Contents/Eclipse/plugins/com.st.stm32cube.ide.mcu.externaltools.gnu-tools-for-stm32.10.3-2021.10.macos64_1.0.0.202111181127/tools/bin/../lib/gcc/arm-none-eabi/10.3.1/../../../../arm-none-eabi/lib/thumb/v7e-m+fp/hard/libc_nano.a(lib_a-snprintf.o)
                              ./Core/Src/main.o (snprintf)
/Applications/STM32CubeIDE.app/Contents/Eclipse/plugins/com.st.stm32cube.ide.mcu.externaltools.gnu-tools-for-stm32.10.3-2021.10.macos64_1.0.0.202111181127/tools/bin/../lib/gcc/arm-none-eabi/10.3.1/../../../../arm-none-eabi/lib/thumb/v7e-m+fp/hard/libc_nano.a(lib_a-strlen.o)
                              ./Core/Src/main.o (strlen)
/Applications/STM32CubeIDE.app/Contents/Eclipse/plugins/com.st.stm32cube.ide.mcu.externaltools.gnu-tools-for-stm32.10.3-2021.10.macos64_1.0.0.202111181127/tools/bin/../lib/gcc/arm-none-eabi/10.3.1/../../../../arm-none-eabi/lib/thumb/v7e-m+fp/hard/libc_nano.a(lib_a-nano-svfprintf.o)
                              /Applications/STM32CubeIDE.app/Contents/Eclipse/plugins/com.st.stm32cube.ide.mcu.externaltools.gnu-tools-for-stm32.10.3-2021.10.macos64_1.0.0.202111181127/tools/bin/../lib/gcc/arm-none-eabi/10.3.1/../../../../arm-none-eabi/lib/thumb/v7e-m+fp/hard/libc_nano.a(lib_a-snprintf.o) (_svfprintf_r)
/Applications/STM32CubeIDE.app/Contents/Eclipse/plugins/com.st.stm32cube.ide.mcu.externaltools.gnu-tools-for-stm32.10.3-2021.10.macos64_1.0.0.202111181127/tools/bin/../lib/gcc/arm-none-eabi/10.3.1/../../../../arm-none-eabi/lib/thumb/v7e-m+fp/hard/libc_nano.a(lib_a-nano-vfprintf_i.o)
                              /Applications/STM32CubeIDE.app/Contents/Eclipse/plugins/com.st.stm32cube.ide.mcu.externaltools.gnu-tools-for-stm32.10.3-2021.10.macos64_1.0.0.202111181127/tools/bin/../lib/gcc/arm-none-eabi/10.3.1/../../../../arm-none-eabi/lib/thumb/v7e-m+fp/hard/libc_nano.a(lib_a-nano-svfprintf.o) (_printf_i)
[...]
Memory Configuration

Name             Origin             Length             Attributes
CCMRAM           0x0000000010000000 0x0000000000010000 xrw
RAM              0x0000000020000000 0x0000000000030000 xrw
FLASH            0x0000000008000000 0x0000000000200000 xr
*default*        0x0000000000000000 0xffffffffffffffff

Linker script and memory map

LOAD /Applications/STM32CubeIDE.app/Contents/Eclipse/plugins/com.st.stm32cube.ide.mcu.externaltools.gnu-tools-for-stm32.10.3-2021.10.macos64_1.0.0.202111181127/tools/bin/../lib/gcc/arm-none-eabi/10.3.1/thumb/v7e-m+fp/hard/crti.o
LOAD /Applications/STM32CubeIDE.app/Contents/Eclipse/plugins/com.st.stm32cube.ide.mcu.externaltools.gnu-tools-for-stm32.10.3-2021.10.macos64_1.0.0.202111181127/tools/bin/../lib/gcc/arm-none-eabi/10.3.1/thumb/v7e-m+fp/hard/crtbegin.o
LOAD /Applications/STM32CubeIDE.app/Contents/Eclipse/plugins/com.st.stm32cube.ide.mcu.externaltools.gnu-tools-for-stm32.10.3-2021.10.macos64_1.0.0.202111181127/tools/bin/../lib/gcc/arm-none-eabi/10.3.1/../../../../arm-none-eabi/lib/thumb/v7e-m+fp/hard/crt0.o
LOAD ./Core/Src/btn.o
LOAD ./Core/Src/buf.o
LOAD ./Core/Src/gpio.o
LOAD ./Core/Src/i2c.o
LOAD ./Core/Src/keyboard.o
LOAD ./Core/Src/main.o
LOAD ./Core/Src/pca9538.o
LOAD ./Core/Src/stm32f4xx_hal_msp.o
LOAD ./Core/Src/stm32f4xx_it.o
LOAD ./Core/Src/syscalls.o
LOAD ./Core/Src/sysmem.o
LOAD ./Core/Src/system_stm32f4xx.o
LOAD ./Core/Src/tim.o
LOAD ./Core/Src/usart.o
LOAD ./Core/Startup/startup_stm32f427vitx.o
LOAD ./Drivers/STM32F4xx_HAL_Driver/Src/stm32f4xx_hal.o
LOAD ./Drivers/STM32F4xx_HAL_Driver/Src/stm32f4xx_hal_cortex.o
LOAD ./Drivers/STM32F4xx_HAL_Driver/Src/stm32f4xx_hal_dma.o
LOAD ./Drivers/STM32F4xx_HAL_Driver/Src/stm32f4xx_hal_dma_ex.o
LOAD ./Drivers/STM32F4xx_HAL_Driver/Src/stm32f4xx_hal_exti.o
LOAD ./Drivers/STM32F4xx_HAL_Driver/Src/stm32f4xx_hal_flash.o
LOAD ./Drivers/STM32F4xx_HAL_Driver/Src/stm32f4xx_hal_flash_ex.o
LOAD ./Drivers/STM32F4xx_HAL_Driver/Src/stm32f4xx_hal_flash_ramfunc.o
LOAD ./Drivers/STM32F4xx_HAL_Driver/Src/stm32f4xx_hal_gpio.o
LOAD ./Drivers/STM32F4xx_HAL_Driver/Src/stm32f4xx_hal_i2c.o
LOAD ./Drivers/STM32F4xx_HAL_Driver/Src/stm32f4xx_hal_i2c_ex.o
LOAD ./Drivers/STM32F4xx_HAL_Driver/Src/stm32f4xx_hal_pwr.o
LOAD ./Drivers/STM32F4xx_HAL_Driver/Src/stm32f4xx_hal_pwr_ex.o
LOAD ./Drivers/STM32F4xx_HAL_Driver/Src/stm32f4xx_hal_rcc.o
LOAD ./Drivers/STM32F4xx_HAL_Driver/Src/stm32f4xx_hal_rcc_ex.o
LOAD ./Drivers/STM32F4xx_HAL_Driver/Src/stm32f4xx_hal_tim.o
LOAD ./Drivers/STM32F4xx_HAL_Driver/Src/stm32f4xx_hal_tim_ex.o
LOAD ./Drivers/STM32F4xx_HAL_Driver/Src/stm32f4xx_hal_uart.o
START GROUP
LOAD /Applications/STM32CubeIDE.app/Contents/Eclipse/plugins/com.st.stm32cube.ide.mcu.externaltools.gnu-tools-for-stm32.10.3-2021.10.macos64_1.0.0.202111181127/tools/bin/../lib/gcc/arm-none-eabi/10.3.1/../../../../arm-none-eabi/lib/thumb/v7e-m+fp/hard/libc_nano.a
LOAD /Applications/STM32CubeIDE.app/Contents/Eclipse/plugins/com.st.stm32cube.ide.mcu.externaltools.gnu-tools-for-stm32.10.3-2021.10.macos64_1.0.0.202111181127/tools/bin/../lib/gcc/arm-none-eabi/10.3.1/../../../../arm-none-eabi/lib/thumb/v7e-m+fp/hard/libm.a
END GROUP
START GROUP
LOAD /Applications/STM32CubeIDE.app/Contents/Eclipse/plugins/com.st.stm32cube.ide.mcu.externaltools.gnu-tools-for-stm32.10.3-2021.10.macos64_1.0.0.202111181127/tools/bin/../lib/gcc/arm-none-eabi/10.3.1/thumb/v7e-m+fp/hard/libgcc.a
LOAD /Applications/STM32CubeIDE.app/Contents/Eclipse/plugins/com.st.stm32cube.ide.mcu.externaltools.gnu-tools-for-stm32.10.3-2021.10.macos64_1.0.0.202111181127/tools/bin/../lib/gcc/arm-none-eabi/10.3.1/../../../../arm-none-eabi/lib/thumb/v7e-m+fp/hard/libc_nano.a
END GROUP
START GROUP
LOAD /Applications/STM32CubeIDE.app/Contents/Eclipse/plugins/com.st.stm32cube.ide.mcu.externaltools.gnu-tools-for-stm32.10.3-2021.10.macos64_1.0.0.202111181127/tools/bin/../lib/gcc/arm-none-eabi/10.3.1/thumb/v7e-m+fp/hard/libgcc.a
LOAD /Applications/STM32CubeIDE.app/Contents/Eclipse/plugins/com.st.stm32cube.ide.mcu.externaltools.gnu-tools-for-stm32.10.3-2021.10.macos64_1.0.0.202111181127/tools/bin/../lib/gcc/arm-none-eabi/10.3.1/../../../../arm-none-eabi/lib/thumb/v7e-m+fp/hard/libc_nano.a
LOAD /Applications/STM32CubeIDE.app/Contents/Eclipse/plugins/com.st.stm32cube.ide.mcu.externaltools.gnu-tools-for-stm32.10.3-2021.10.macos64_1.0.0.202111181127/tools/bin/../lib/gcc/arm-none-eabi/10.3.1/../../../../arm-none-eabi/lib/thumb/v7e-m+fp/hard/libnosys.a
END GROUP
START GROUP
LOAD /Applications/STM32CubeIDE.app/Contents/Eclipse/plugins/com.st.stm32cube.ide.mcu.externaltools.gnu-tools-for-stm32.10.3-2021.10.macos64_1.0.0.202111181127/tools/bin/../lib/gcc/arm-none-eabi/10.3.1/thumb/v7e-m+fp/hard/libgcc.a
LOAD /Applications/STM32CubeIDE.app/Contents/Eclipse/plugins/com.st.stm32cube.ide.mcu.externaltools.gnu-tools-for-stm32.10.3-2021.10.macos64_1.0.0.202111181127/tools/bin/../lib/gcc/arm-none-eabi/10.3.1/../../../../arm-none-eabi/lib/thumb/v7e-m+fp/hard/libc_nano.a
LOAD /Applications/STM32CubeIDE.app/Contents/Eclipse/plugins/com.st.stm32cube.ide.mcu.externaltools.gnu-tools-for-stm32.10.3-2021.10.macos64_1.0.0.202111181127/tools/bin/../lib/gcc/arm-none-eabi/10.3.1/../../../../arm-none-eabi/lib/thumb/v7e-m+fp/hard/libnosys.a
END GROUP
LOAD /Applications/STM32CubeIDE.app/Contents/Eclipse/plugins/com.st.stm32cube.ide.mcu.externaltools.gnu-tools-for-stm32.10.3-2021.10.macos64_1.0.0.202111181127/tools/bin/../lib/gcc/arm-none-eabi/10.3.1/thumb/v7e-m+fp/hard/crtend.o
LOAD /Applications/STM32CubeIDE.app/Contents/Eclipse/plugins/com.st.stm32cube.ide.mcu.externaltools.gnu-tools-for-stm32.10.3-2021.10.macos64_1.0.0.202111181127/tools/bin/../lib/gcc/arm-none-eabi/10.3.1/thumb/v7e-m+fp/hard/crtn.o
                0x0000000020030000                _estack = (ORIGIN (RAM) + LENGTH (RAM))
                0x0000000000000200                _Min_Heap_Size = 0x200
                0x0000000000000400                _Min_Stack_Size = 0x400

.isr_vector     0x0000000008000000      0x1ac
                0x0000000008000000                . = ALIGN (0x4)
 *(.isr_vector)
 .isr_vector    0x0000000008000000      0x1ac ./Core/Startup/startup_stm32f427vitx.o
                0x0000000008000000                g_pfnVectors
                0x00000000080001ac                . = ALIGN (0x4)

.text           0x00000000080001b0     0x6644
                0x00000000080001b0                . = ALIGN (0x4)
 *(.text)
 .text          0x00000000080001b0       0x40 /Applications/STM32CubeIDE.app/Contents/Eclipse/plugins/com.st.stm32cube.ide.mcu.externaltools.gnu-tools-for-stm32.10.3-2021.10.macos64_1.0.0.202111181127/tools/bin/../lib/gcc/arm-none-eabi/10.3.1/thumb/v7e-m+fp/hard/crtbegin.o
 .text          0x00000000080001f0       0x10 /Applications/STM32CubeIDE.app/Contents/Eclipse/plugins/com.st.stm32cube.ide.mcu.externaltools.gnu-tools-for-stm32.10.3-2021.10.macos64_1.0.0.202111181127/tools/bin/../lib/gcc/arm-none-eabi/10.3.1/../../../../arm-none-eabi/lib/thumb/v7e-m+fp/hard/libc_nano.a(lib_a-strlen.o)
                0x00000000080001f0                strlen
 .text          0x0000000008000200       0xa0 /Applications/STM32CubeIDE.app/Contents/Eclipse/plugins/com.st.stm32cube.ide.mcu.externaltools.gnu-tools-for-stm32.10.3-2021.10.macos64_1.0.0.202111181127/tools/bin/../lib/gcc/arm-none-eabi/10.3.1/../../../../arm-none-eabi/lib/thumb/v7e-m+fp/hard/libc_nano.a(lib_a-memchr.o)
                0x0000000008000200                memchr
 .text          0x00000000080002a0       0x30 /Applications/STM32CubeIDE.app/Contents/Eclipse/plugins/com.st.stm32cube.ide.mcu.externaltools.gnu-tools-for-stm32.10.3-2021.10.macos64_1.0.0.202111181127/tools/bin/../lib/gcc/arm-none-eabi/10.3.1/thumb/v7e-m+fp/hard/libgcc.a(_aeabi_uldivmod.o)
                0x00000000080002a0                __aeabi_uldivmod
 .text          0x00000000080002d0      0x2d0 /Applications/STM32CubeIDE.app/Contents/Eclipse/plugins/com.st.stm32cube.ide.mcu.externaltools.gnu-tools-for-stm32.10.3-2021.10.macos64_1.0.0.202111181127/tools/bin/../lib/gcc/arm-none-eabi/10.3.1/thumb/v7e-m+fp/hard/libgcc.a(_udivmoddi4.o)
                0x00000000080002d0                __udivmoddi4
 .text          0x00000000080005a0        0x4 /Applications/STM32CubeIDE.app/Contents/Eclipse/plugins/com.st.stm32cube.ide.mcu.externaltools.gnu-tools-for-stm32.10.3-2021.10.macos64_1.0.0.202111181127/tools/bin/../lib/gcc/arm-none-eabi/10.3.1/thumb/v7e-m+fp/hard/libgcc.a(_dvmd_tls.o)
                0x00000000080005a0                __aeabi_ldiv0
                0x00000000080005a0                __aeabi_idiv0
 *(.text*)
 .text.BTN_IsSet
                0x00000000080005a4       0x2c ./Core/Src/btn.o
                0x00000000080005a4                BTN_IsSet
 .text.BTN_Set  0x00000000080005d0       0x26 ./Core/Src/btn.o
                0x00000000080005d0                BTN_Set
 .text.BTN_ResetAll
                0x00000000080005f6       0x1a ./Core/Src/btn.o
                0x00000000080005f6                BTN_ResetAll
 .text.BTN_GetState
                0x0000000008000610      0x104 ./Core/Src/btn.o
                0x0000000008000610                BTN_GetState
 .text.buf_init
                0x0000000008000714       0x32 ./Core/Src/buf.o
                0x0000000008000714                buf_init
 .text.is_buf_empty
                0x0000000008000746       0x1a ./Core/Src/buf.o
                0x0000000008000746                is_buf_empty
 .text.is_buf_full
                0x0000000008000760       0x4a ./Core/Src/buf.o
                0x0000000008000760                is_buf_full
 .text.buf_push
                0x00000000080007aa       0xa2 ./Core/Src/buf.o
                0x00000000080007aa                buf_push
 .text.buf_pop  0x000000000800084c       0xc2 ./Core/Src/buf.o
                0x000000000800084c                buf_pop
 .text.buf_push_itsafe
                0x000000000800090e       0x38 ./Core/Src/buf.o
                0x000000000800090e                buf_push_itsafe
 .text.buf_pop_itsafe
                0x0000000008000946       0x3e ./Core/Src/buf.o
                0x0000000008000946                buf_pop_itsafe
 .text.MX_GPIO_Init
                0x0000000008000984       0x88 ./Core/Src/gpio.o
                0x0000000008000984                MX_GPIO_Init
 .text.MX_I2C1_Init
                0x0000000008000a0c       0x80 ./Core/Src/i2c.o
                0x0000000008000a0c                MX_I2C1_Init
 .text.HAL_I2C_MspInit
                0x0000000008000a8c       0x90 ./Core/Src/i2c.o
                0x0000000008000a8c                HAL_I2C_MspInit
 .text.KBRD_Init
                0x0000000008000b1c       0x38 ./Core/Src/keyboard.o
                0x0000000008000b1c                KBRD_Init
 .text.KBRD_IsSet
                0x0000000008000b54       0x2c ./Core/Src/keyboard.o
                0x0000000008000b54                KBRD_IsSet
 .text.KBRD_Set
                0x0000000008000b80       0x26 ./Core/Src/keyboard.o
                0x0000000008000b80                KBRD_Set
 .text.KBRD_ResetAll
                0x0000000008000ba6       0x1a ./Core/Src/keyboard.o
                0x0000000008000ba6                KBRD_ResetAll
 .text.KBRD_GetState
                0x0000000008000bc0      0x154 ./Core/Src/keyboard.o
                0x0000000008000bc0                KBRD_GetState
 .text.transmit
                0x0000000008000d14       0x38 ./Core/Src/main.o
                0x0000000008000d14                transmit
 .text.transmitc
                0x0000000008000d4c       0x20 ./Core/Src/main.o
                0x0000000008000d4c                transmitc
 .text.HAL_UART_TxCpltCallback
                0x0000000008000d6c       0x5c ./Core/Src/main.o
                0x0000000008000d6c                HAL_UART_TxCpltCallback
 .text.HAL_TIM_PeriodElapsedCallback
                0x0000000008000dc8       0xf0 ./Core/Src/main.o
                0x0000000008000dc8                HAL_TIM_PeriodElapsedCallback
 .text.leds_str.1
                0x0000000008000eb8       0x3a ./Core/Src/main.o
 *fill*         0x0000000008000ef2        0x2 
 .text.main     0x0000000008000ef4      0x150 ./Core/Src/main.o
                0x0000000008000ef4                main
 .text.print_mode_message.0
                0x0000000008001044      0x18c ./Core/Src/main.o
 .text.handle_command.3
                0x00000000080011d0      0x3b4 ./Core/Src/main.o
 .text.parse_pressed_button.2
                0x0000000008001584      0x4bc ./Core/Src/main.o
 .text.SystemClock_Config
                0x0000000008001a40       0xc0 ./Core/Src/main.o
                0x0000000008001a40                SystemClock_Config
 .text.Error_Handler
                0x0000000008001b00        0xa ./Core/Src/main.o
                0x0000000008001b00                Error_Handler
 *fill*         0x0000000008001b0a        0x2 
 .text.PCA9538_Read_Register
                0x0000000008001b0c       0x44 ./Core/Src/pca9538.o
                0x0000000008001b0c                PCA9538_Read_Register
 .text.PCA9538_Read_Inputs
                0x0000000008001b50       0x26 ./Core/Src/pca9538.o
                0x0000000008001b50                PCA9538_Read_Inputs
 *fill*         0x0000000008001b76        0x2 
 .text.PCA9538_Write_Register
                0x0000000008001b78       0x44 ./Core/Src/pca9538.o
                0x0000000008001b78                PCA9538_Write_Register
 .text.PCA9538_SetDefaultConfig
                0x0000000008001bbc       0x64 ./Core/Src/pca9538.o
                0x0000000008001bbc                PCA9538_SetDefaultConfig
 .text.HAL_MspInit
                0x0000000008001c20       0x50 ./Core/Src/stm32f4xx_hal_msp.o
                0x0000000008001c20                HAL_MspInit
 .text.NMI_Handler
                0x0000000008001c70        0x6 ./Core/Src/stm32f4xx_it.o
                0x0000000008001c70                NMI_Handler
 .text.HardFault_Handler
                0x0000000008001c76        0x6 ./Core/Src/stm32f4xx_it.o
                0x0000000008001c76                HardFault_Handler
 .text.MemManage_Handler
                0x0000000008001c7c        0x6 ./Core/Src/stm32f4xx_it.o
                0x0000000008001c7c                MemManage_Handler
 .text.BusFault_Handler
                0x0000000008001c82        0x6 ./Core/Src/stm32f4xx_it.o
                0x0000000008001c82                BusFault_Handler
 .text.UsageFault_Handler
                0x0000000008001c88        0x6 ./Core/Src/stm32f4xx_it.o
                0x0000000008001c88                UsageFault_Handler
 .text.SVC_Handler
                0x0000000008001c8e        0xe ./Core/Src/stm32f4xx_it.o
                0x0000000008001c8e                SVC_Handler
 .text.DebugMon_Handler
                0x0000000008001c9c        0xe ./Core/Src/stm32f4xx_it.o
                0x0000000008001c9c                DebugMon_Handler
 .text.PendSV_Handler
                0x0000000008001caa        0xe ./Core/Src/stm32f4xx_it.o
                0x0000000008001caa                PendSV_Handler
 .text.SysTick_Handler
                0x0000000008001cb8        0xc ./Core/Src/stm32f4xx_it.o
                0x0000000008001cb8                SysTick_Handler
 .text.TIM6_DAC_IRQHandler
                0x0000000008001cc4       0x14 ./Core/Src/stm32f4xx_it.o
                0x0000000008001cc4                TIM6_DAC_IRQHandler
 .text.USART6_IRQHandler
                0x0000000008001cd8       0x14 ./Core/Src/stm32f4xx_it.o
                0x0000000008001cd8                USART6_IRQHandler
 .text._sbrk    0x0000000008001cec       0x6c ./Core/Src/sysmem.o
                0x0000000008001cec                _sbrk
 .text.SystemInit
                0x0000000008001d58       0x24 ./Core/Src/system_stm32f4xx.o
                0x0000000008001d58                SystemInit
 .text.MX_TIM4_Init
                0x0000000008001d7c       0xe0 ./Core/Src/tim.o
                0x0000000008001d7c                MX_TIM4_Init
 .text.MX_TIM6_Init
                0x0000000008001e5c       0x6c ./Core/Src/tim.o
                0x0000000008001e5c                MX_TIM6_Init
 .text.HAL_TIM_PWM_MspInit
                0x0000000008001ec8       0x44 ./Core/Src/tim.o
                0x0000000008001ec8                HAL_TIM_PWM_MspInit
 .text.HAL_TIM_Base_MspInit
                0x0000000008001f0c       0x50 ./Core/Src/tim.o
                0x0000000008001f0c                HAL_TIM_Base_MspInit
 .text.HAL_TIM_MspPostInit
                0x0000000008001f5c       0x74 ./Core/Src/tim.o
                0x0000000008001f5c                HAL_TIM_MspPostInit
 .text.MX_USART6_UART_Init
                0x0000000008001fd0       0x54 ./Core/Src/usart.o
                0x0000000008001fd0                MX_USART6_UART_Init
 .text.HAL_UART_MspInit
                0x0000000008002024       0xa0 ./Core/Src/usart.o
                0x0000000008002024                HAL_UART_MspInit
 .text.Reset_Handler
                0x00000000080020c4       0x50 ./Core/Startup/startup_stm32f427vitx.o
                0x00000000080020c4                Reset_Handler
 .text.Default_Handler
                0x0000000008002114        0x2 ./Core/Startup/startup_stm32f427vitx.o
                0x0000000008002114                DMA1_Stream3_IRQHandler
                0x0000000008002114                HASH_RNG_IRQHandler
                0x0000000008002114                EXTI2_IRQHandler
                0x0000000008002114                TIM8_CC_IRQHandler
                0x0000000008002114                UART8_IRQHandler
                0x0000000008002114                SPI4_IRQHandler
                0x0000000008002114                TIM1_CC_IRQHandler
                0x0000000008002114                DMA2_Stream5_IRQHandler
                0x0000000008002114                DMA1_Stream5_IRQHandler
                0x0000000008002114                PVD_IRQHandler
                0x0000000008002114                SDIO_IRQHandler
                0x0000000008002114                TAMP_STAMP_IRQHandler
                0x0000000008002114                CAN2_RX1_IRQHandler
                0x0000000008002114                EXTI3_IRQHandler
                0x0000000008002114                TIM8_TRG_COM_TIM14_IRQHandler
                0x0000000008002114                TIM1_UP_TIM10_IRQHandler
                0x0000000008002114                TIM8_UP_TIM13_IRQHandler
                0x0000000008002114                I2C3_ER_IRQHandler
                0x0000000008002114                EXTI0_IRQHandler
                0x0000000008002114                I2C2_EV_IRQHandler
                0x0000000008002114                DMA1_Stream2_IRQHandler
                0x0000000008002114                CAN1_RX0_IRQHandler
                0x0000000008002114                FPU_IRQHandler
                0x0000000008002114                OTG_HS_WKUP_IRQHandler
                0x0000000008002114                CAN2_SCE_IRQHandler
                0x0000000008002114                DMA2_Stream2_IRQHandler
                0x0000000008002114                SPI1_IRQHandler
                0x0000000008002114                TIM1_BRK_TIM9_IRQHandler
                0x0000000008002114                DCMI_IRQHandler
                0x0000000008002114                CAN2_RX0_IRQHandler
                0x0000000008002114                DMA2_Stream3_IRQHandler
                0x0000000008002114                USART3_IRQHandler
                0x0000000008002114                CAN1_RX1_IRQHandler
                0x0000000008002114                UART5_IRQHandler
                0x0000000008002114                DMA2_Stream0_IRQHandler
                0x0000000008002114                TIM4_IRQHandler
                0x0000000008002114                I2C1_EV_IRQHandler
                0x0000000008002114                DMA1_Stream6_IRQHandler
                0x0000000008002114                DMA1_Stream1_IRQHandler
                0x0000000008002114                UART4_IRQHandler
                0x0000000008002114                TIM3_IRQHandler
                0x0000000008002114                RCC_IRQHandler
                0x0000000008002114                TIM8_BRK_TIM12_IRQHandler
                0x0000000008002114                Default_Handler
                0x0000000008002114                EXTI15_10_IRQHandler
                0x0000000008002114                ADC_IRQHandler
                0x0000000008002114                DMA1_Stream7_IRQHandler
                0x0000000008002114                SPI5_IRQHandler
                0x0000000008002114                TIM7_IRQHandler
                0x0000000008002114                CAN2_TX_IRQHandler
                0x0000000008002114                TIM5_IRQHandler
                0x0000000008002114                DMA2_Stream7_IRQHandler
                0x0000000008002114                I2C3_EV_IRQHandler
                0x0000000008002114                EXTI9_5_IRQHandler
                0x0000000008002114                RTC_WKUP_IRQHandler
                0x0000000008002114                ETH_WKUP_IRQHandler
                0x0000000008002114                SPI2_IRQHandler
                0x0000000008002114                OTG_HS_EP1_IN_IRQHandler
                0x0000000008002114                DMA1_Stream0_IRQHandler
                0x0000000008002114                CAN1_TX_IRQHandler
                0x0000000008002114                EXTI4_IRQHandler
                0x0000000008002114                ETH_IRQHandler
                0x0000000008002114                OTG_HS_EP1_OUT_IRQHandler
                0x0000000008002114                WWDG_IRQHandler
                0x0000000008002114                SPI6_IRQHandler
                0x0000000008002114                TIM2_IRQHandler
                0x0000000008002114                OTG_FS_WKUP_IRQHandler
                0x0000000008002114                TIM1_TRG_COM_TIM11_IRQHandler
                0x0000000008002114                OTG_HS_IRQHandler
                0x0000000008002114                DMA2D_IRQHandler
                0x0000000008002114                EXTI1_IRQHandler
                0x0000000008002114                UART7_IRQHandler
                0x0000000008002114                USART2_IRQHandler
                0x0000000008002114                I2C2_ER_IRQHandler
                0x0000000008002114                DMA2_Stream1_IRQHandler
                0x0000000008002114                CAN1_SCE_IRQHandler
                0x0000000008002114                FLASH_IRQHandler
                0x0000000008002114                DMA2_Stream4_IRQHandler
                0x0000000008002114                USART1_IRQHandler
                0x0000000008002114                OTG_FS_IRQHandler
                0x0000000008002114                SPI3_IRQHandler
                0x0000000008002114                DMA1_Stream4_IRQHandler
                0x0000000008002114                I2C1_ER_IRQHandler
                0x0000000008002114                FMC_IRQHandler
                0x0000000008002114                DMA2_Stream6_IRQHandler
                0x0000000008002114                SAI1_IRQHandler
                0x0000000008002114                RTC_Alarm_IRQHandler
 *fill*         0x0000000008002116        0x2 
 .text.HAL_Init
                0x0000000008002118       0x44 ./Drivers/STM32F4xx_HAL_Driver/Src/stm32f4xx_hal.o
                0x0000000008002118                HAL_Init
 .text.HAL_InitTick
                0x000000000800215c       0x60 ./Drivers/STM32F4xx_HAL_Driver/Src/stm32f4xx_hal.o
                0x000000000800215c                HAL_InitTick
 .text.HAL_IncTick
                0x00000000080021bc       0x28 ./Drivers/STM32F4xx_HAL_Driver/Src/stm32f4xx_hal.o
                0x00000000080021bc                HAL_IncTick
 .text.HAL_GetTick
                0x00000000080021e4       0x18 ./Drivers/STM32F4xx_HAL_Driver/Src/stm32f4xx_hal.o
                0x00000000080021e4                HAL_GetTick
 .text.HAL_Delay
                0x00000000080021fc       0x48 ./Drivers/STM32F4xx_HAL_Driver/Src/stm32f4xx_hal.o
                0x00000000080021fc                HAL_Delay
 .text.__NVIC_SetPriorityGrouping
                0x0000000008002244       0x48 ./Drivers/STM32F4xx_HAL_Driver/Src/stm32f4xx_hal_cortex.o
 .text.__NVIC_GetPriorityGrouping
                0x000000000800228c       0x1c ./Drivers/STM32F4xx_HAL_Driver/Src/stm32f4xx_hal_cortex.o
 .text.__NVIC_EnableIRQ
                0x00000000080022a8       0x3c ./Drivers/STM32F4xx_HAL_Driver/Src/stm32f4xx_hal_cortex.o
 .text.__NVIC_SetPriority
                0x00000000080022e4       0x54 ./Drivers/STM32F4xx_HAL_Driver/Src/stm32f4xx_hal_cortex.o
 .text.NVIC_EncodePriority
                0x0000000008002338       0x66 ./Drivers/STM32F4xx_HAL_Driver/Src/stm32f4xx_hal_cortex.o
 *fill*         0x000000000800239e        0x2 
 .text.SysTick_Config
                0x00000000080023a0       0x44 ./Drivers/STM32F4xx_HAL_Driver/Src/stm32f4xx_hal_cortex.o
 .text.HAL_NVIC_SetPriorityGrouping
                0x00000000080023e4       0x16 ./Drivers/STM32F4xx_HAL_Driver/Src/stm32f4xx_hal_cortex.o
                0x00000000080023e4                HAL_NVIC_SetPriorityGrouping
 .text.HAL_NVIC_SetPriority
                0x00000000080023fa       0x38 ./Drivers/STM32F4xx_HAL_Driver/Src/stm32f4xx_hal_cortex.o
                0x00000000080023fa                HAL_NVIC_SetPriority
 .text.HAL_NVIC_EnableIRQ
                0x0000000008002432       0x1c ./Drivers/STM32F4xx_HAL_Driver/Src/stm32f4xx_hal_cortex.o
                0x0000000008002432                HAL_NVIC_EnableIRQ
 .text.HAL_SYSTICK_Config
                0x000000000800244e       0x18 ./Drivers/STM32F4xx_HAL_Driver/Src/stm32f4xx_hal_cortex.o
                0x000000000800244e                HAL_SYSTICK_Config
 .text.HAL_DMA_Abort
                0x0000000008002466       0xe0 ./Drivers/STM32F4xx_HAL_Driver/Src/stm32f4xx_hal_dma.o
                0x0000000008002466                HAL_DMA_Abort
 .text.HAL_DMA_Abort_IT
                0x0000000008002546       0x44 ./Drivers/STM32F4xx_HAL_Driver/Src/stm32f4xx_hal_dma.o
                0x0000000008002546                HAL_DMA_Abort_IT
 *fill*         0x000000000800258a        0x2 
 .text.HAL_GPIO_Init
                0x000000000800258c      0x358 ./Drivers/STM32F4xx_HAL_Driver/Src/stm32f4xx_hal_gpio.o
                0x000000000800258c                HAL_GPIO_Init
 .text.HAL_GPIO_ReadPin
                0x00000000080028e4       0x30 ./Drivers/STM32F4xx_HAL_Driver/Src/stm32f4xx_hal_gpio.o
                0x00000000080028e4                HAL_GPIO_ReadPin
 .text.HAL_I2C_Init
                0x0000000008002914      0x288 ./Drivers/STM32F4xx_HAL_Driver/Src/stm32f4xx_hal_i2c.o
                0x0000000008002914                HAL_I2C_Init
 .text.HAL_I2C_Mem_Write
                0x0000000008002b9c      0x1f4 ./Drivers/STM32F4xx_HAL_Driver/Src/stm32f4xx_hal_i2c.o
                0x0000000008002b9c                HAL_I2C_Mem_Write
 .text.HAL_I2C_Mem_Read
                0x0000000008002d90      0x44c ./Drivers/STM32F4xx_HAL_Driver/Src/stm32f4xx_hal_i2c.o
                0x0000000008002d90                HAL_I2C_Mem_Read
 .text.I2C_RequestMemoryWrite
                0x00000000080031dc      0x12c ./Drivers/STM32F4xx_HAL_Driver/Src/stm32f4xx_hal_i2c.o
 .text.I2C_RequestMemoryRead
                0x0000000008003308      0x1d0 ./Drivers/STM32F4xx_HAL_Driver/Src/stm32f4xx_hal_i2c.o
 .text.I2C_WaitOnFlagUntilTimeout
                0x00000000080034d8       0xae ./Drivers/STM32F4xx_HAL_Driver/Src/stm32f4xx_hal_i2c.o
 .text.I2C_WaitOnMasterAddressFlagUntilTimeout
                0x0000000008003586       0xfe ./Drivers/STM32F4xx_HAL_Driver/Src/stm32f4xx_hal_i2c.o
 .text.I2C_WaitOnTXEFlagUntilTimeout
                0x0000000008003684       0x82 ./Drivers/STM32F4xx_HAL_Driver/Src/stm32f4xx_hal_i2c.o
 .text.I2C_WaitOnBTFFlagUntilTimeout
                0x0000000008003706       0x82 ./Drivers/STM32F4xx_HAL_Driver/Src/stm32f4xx_hal_i2c.o
 .text.I2C_WaitOnRXNEFlagUntilTimeout
                0x0000000008003788       0xac ./Drivers/STM32F4xx_HAL_Driver/Src/stm32f4xx_hal_i2c.o
 .text.I2C_IsAcknowledgeFailed
                0x0000000008003834       0x5e ./Drivers/STM32F4xx_HAL_Driver/Src/stm32f4xx_hal_i2c.o
 .text.HAL_I2CEx_ConfigAnalogFilter
                0x0000000008003892       0x78 ./Drivers/STM32F4xx_HAL_Driver/Src/stm32f4xx_hal_i2c_ex.o
                0x0000000008003892                HAL_I2CEx_ConfigAnalogFilter
 .text.HAL_I2CEx_ConfigDigitalFilter
                0x000000000800390a       0x7e ./Drivers/STM32F4xx_HAL_Driver/Src/stm32f4xx_hal_i2c_ex.o
                0x000000000800390a                HAL_I2CEx_ConfigDigitalFilter
 .text.HAL_RCC_OscConfig
                0x0000000008003988      0x4f0 ./Drivers/STM32F4xx_HAL_Driver/Src/stm32f4xx_hal_rcc.o
                0x0000000008003988                HAL_RCC_OscConfig
 .text.HAL_RCC_ClockConfig
                0x0000000008003e78      0x1cc ./Drivers/STM32F4xx_HAL_Driver/Src/stm32f4xx_hal_rcc.o
                0x0000000008003e78                HAL_RCC_ClockConfig
 .text.HAL_RCC_GetSysClockFreq
                0x0000000008004044      0x18c ./Drivers/STM32F4xx_HAL_Driver/Src/stm32f4xx_hal_rcc.o
                0x0000000008004044                HAL_RCC_GetSysClockFreq
 .text.HAL_RCC_GetHCLKFreq
                0x00000000080041d0       0x18 ./Drivers/STM32F4xx_HAL_Driver/Src/stm32f4xx_hal_rcc.o
                0x00000000080041d0                HAL_RCC_GetHCLKFreq
 .text.HAL_RCC_GetPCLK1Freq
                0x00000000080041e8       0x28 ./Drivers/STM32F4xx_HAL_Driver/Src/stm32f4xx_hal_rcc.o
                0x00000000080041e8                HAL_RCC_GetPCLK1Freq
 .text.HAL_RCC_GetPCLK2Freq
                0x0000000008004210       0x28 ./Drivers/STM32F4xx_HAL_Driver/Src/stm32f4xx_hal_rcc.o
                0x0000000008004210                HAL_RCC_GetPCLK2Freq
 .text.HAL_TIM_Base_Init
                0x0000000008004238       0x9e ./Drivers/STM32F4xx_HAL_Driver/Src/stm32f4xx_hal_tim.o
                0x0000000008004238                HAL_TIM_Base_Init
 *fill*         0x00000000080042d6        0x2 
 .text.HAL_TIM_Base_Start_IT
                0x00000000080042d8       0xe0 ./Drivers/STM32F4xx_HAL_Driver/Src/stm32f4xx_hal_tim.o
                0x00000000080042d8                HAL_TIM_Base_Start_IT
 .text.HAL_TIM_PWM_Init
                0x00000000080043b8       0x9e ./Drivers/STM32F4xx_HAL_Driver/Src/stm32f4xx_hal_tim.o
                0x00000000080043b8                HAL_TIM_PWM_Init
 *fill*         0x0000000008004456        0x2 
 .text.HAL_TIM_PWM_Start
                0x0000000008004458      0x190 ./Drivers/STM32F4xx_HAL_Driver/Src/stm32f4xx_hal_tim.o
                0x0000000008004458                HAL_TIM_PWM_Start
 .text.HAL_TIM_IRQHandler
                0x00000000080045e8      0x210 ./Drivers/STM32F4xx_HAL_Driver/Src/stm32f4xx_hal_tim.o
                0x00000000080045e8                HAL_TIM_IRQHandler
 .text.HAL_TIM_PWM_ConfigChannel
                0x00000000080047f8      0x184 ./Drivers/STM32F4xx_HAL_Driver/Src/stm32f4xx_hal_tim.o
                0x00000000080047f8                HAL_TIM_PWM_ConfigChannel
 .text.HAL_TIM_OC_DelayElapsedCallback
                0x000000000800497c       0x14 ./Drivers/STM32F4xx_HAL_Driver/Src/stm32f4xx_hal_tim.o
                0x000000000800497c                HAL_TIM_OC_DelayElapsedCallback
 .text.HAL_TIM_IC_CaptureCallback
                0x0000000008004990       0x14 ./Drivers/STM32F4xx_HAL_Driver/Src/stm32f4xx_hal_tim.o
                0x0000000008004990                HAL_TIM_IC_CaptureCallback
 .text.HAL_TIM_PWM_PulseFinishedCallback
                0x00000000080049a4       0x14 ./Drivers/STM32F4xx_HAL_Driver/Src/stm32f4xx_hal_tim.o
                0x00000000080049a4                HAL_TIM_PWM_PulseFinishedCallback
 .text.HAL_TIM_TriggerCallback
                0x00000000080049b8       0x14 ./Drivers/STM32F4xx_HAL_Driver/Src/stm32f4xx_hal_tim.o
                0x00000000080049b8                HAL_TIM_TriggerCallback
 .text.TIM_Base_SetConfig
                0x00000000080049cc      0x140 ./Drivers/STM32F4xx_HAL_Driver/Src/stm32f4xx_hal_tim.o
                0x00000000080049cc                TIM_Base_SetConfig
 .text.TIM_OC1_SetConfig
                0x0000000008004b0c       0xe0 ./Drivers/STM32F4xx_HAL_Driver/Src/stm32f4xx_hal_tim.o
 .text.TIM_OC2_SetConfig
                0x0000000008004bec       0xec ./Drivers/STM32F4xx_HAL_Driver/Src/stm32f4xx_hal_tim.o
                0x0000000008004bec                TIM_OC2_SetConfig
 .text.TIM_OC3_SetConfig
                0x0000000008004cd8       0xe8 ./Drivers/STM32F4xx_HAL_Driver/Src/stm32f4xx_hal_tim.o
 .text.TIM_OC4_SetConfig
                0x0000000008004dc0       0xac ./Drivers/STM32F4xx_HAL_Driver/Src/stm32f4xx_hal_tim.o
 .text.TIM_CCxChannelCmd
                0x0000000008004e6c       0x4a ./Drivers/STM32F4xx_HAL_Driver/Src/stm32f4xx_hal_tim.o
                0x0000000008004e6c                TIM_CCxChannelCmd
 *fill*         0x0000000008004eb6        0x2 
 .text.HAL_TIMEx_MasterConfigSynchronization
                0x0000000008004eb8       0xf8 ./Drivers/STM32F4xx_HAL_Driver/Src/stm32f4xx_hal_tim_ex.o
                0x0000000008004eb8                HAL_TIMEx_MasterConfigSynchronization
 .text.HAL_TIMEx_CommutCallback
                0x0000000008004fb0       0x14 ./Drivers/STM32F4xx_HAL_Driver/Src/stm32f4xx_hal_tim_ex.o
                0x0000000008004fb0                HAL_TIMEx_CommutCallback
 .text.HAL_TIMEx_BreakCallback
                0x0000000008004fc4       0x14 ./Drivers/STM32F4xx_HAL_Driver/Src/stm32f4xx_hal_tim_ex.o
                0x0000000008004fc4                HAL_TIMEx_BreakCallback
 .text.HAL_UART_Init
                0x0000000008004fd8       0x9a ./Drivers/STM32F4xx_HAL_Driver/Src/stm32f4xx_hal_uart.o
                0x0000000008004fd8                HAL_UART_Init
 .text.HAL_UART_Transmit_IT
                0x0000000008005072       0x8a ./Drivers/STM32F4xx_HAL_Driver/Src/stm32f4xx_hal_uart.o
                0x0000000008005072                HAL_UART_Transmit_IT
 .text.HAL_UART_IRQHandler
                0x00000000080050fc      0x51c ./Drivers/STM32F4xx_HAL_Driver/Src/stm32f4xx_hal_uart.o
                0x00000000080050fc                HAL_UART_IRQHandler
 .text.HAL_UART_RxCpltCallback
                0x0000000008005618       0x14 ./Drivers/STM32F4xx_HAL_Driver/Src/stm32f4xx_hal_uart.o
                0x0000000008005618                HAL_UART_RxCpltCallback
 .text.HAL_UART_ErrorCallback
                0x000000000800562c       0x14 ./Drivers/STM32F4xx_HAL_Driver/Src/stm32f4xx_hal_uart.o
                0x000000000800562c                HAL_UART_ErrorCallback
 .text.HAL_UARTEx_RxEventCallback
                0x0000000008005640       0x18 ./Drivers/STM32F4xx_HAL_Driver/Src/stm32f4xx_hal_uart.o
                0x0000000008005640                HAL_UARTEx_RxEventCallback
 .text.UART_EndRxTransfer
                0x0000000008005658       0xc6 ./Drivers/STM32F4xx_HAL_Driver/Src/stm32f4xx_hal_uart.o
 .text.UART_DMAAbortOnError
                0x000000000800571e       0x28 ./Drivers/STM32F4xx_HAL_Driver/Src/stm32f4xx_hal_uart.o
 .text.UART_Transmit_IT
                0x0000000008005746       0xa0 ./Drivers/STM32F4xx_HAL_Driver/Src/stm32f4xx_hal_uart.o
 .text.UART_EndTransmit_IT
                0x00000000080057e6       0x30 ./Drivers/STM32F4xx_HAL_Driver/Src/stm32f4xx_hal_uart.o
 .text.UART_Receive_IT
                0x0000000008005816      0x176 ./Drivers/STM32F4xx_HAL_Driver/Src/stm32f4xx_hal_uart.o
 .text.UART_SetConfig
                0x000000000800598c      0x4e8 ./Drivers/STM32F4xx_HAL_Driver/Src/stm32f4xx_hal_uart.o
 .text.__errno  0x0000000008005e74        0xc /Applications/STM32CubeIDE.app/Contents/Eclipse/plugins/com.st.stm32cube.ide.mcu.externaltools.gnu-tools-for-stm32.10.3-2021.10.macos64_1.0.0.202111181127/tools/bin/../lib/gcc/arm-none-eabi/10.3.1/../../../../arm-none-eabi/lib/thumb/v7e-m+fp/hard/libc_nano.a(lib_a-errno.o)
                0x0000000008005e74                __errno
 .text.__libc_init_array
                0x0000000008005e80       0x48 /Applications/STM32CubeIDE.app/Contents/Eclipse/plugins/com.st.stm32cube.ide.mcu.externaltools.gnu-tools-for-stm32.10.3-2021.10.macos64_1.0.0.202111181127/tools/bin/../lib/gcc/arm-none-eabi/10.3.1/../../../../arm-none-eabi/lib/thumb/v7e-m+fp/hard/libc_nano.a(lib_a-init.o)
                0x0000000008005e80                __libc_init_array
 .text.memcpy   0x0000000008005ec8       0x1c /Applications/STM32CubeIDE.app/Contents/Eclipse/plugins/com.st.stm32cube.ide.mcu.externaltools.gnu-tools-for-stm32.10.3-2021.10.macos64_1.0.0.202111181127/tools/bin/../lib/gcc/arm-none-eabi/10.3.1/../../../../arm-none-eabi/lib/thumb/v7e-m+fp/hard/libc_nano.a(lib_a-memcpy-stub.o)
                0x0000000008005ec8                memcpy
 .text.memset   0x0000000008005ee4       0x10 /Applications/STM32CubeIDE.app/Contents/Eclipse/plugins/com.st.stm32cube.ide.mcu.externaltools.gnu-tools-for-stm32.10.3-2021.10.macos64_1.0.0.202111181127/tools/bin/../lib/gcc/arm-none-eabi/10.3.1/../../../../arm-none-eabi/lib/thumb/v7e-m+fp/hard/libc_nano.a(lib_a-memset.o)
                0x0000000008005ee4                memset
 .text.snprintf
                0x0000000008005ef4       0x68 /Applications/STM32CubeIDE.app/Contents/Eclipse/plugins/com.st.stm32cube.ide.mcu.externaltools.gnu-tools-for-stm32.10.3-2021.10.macos64_1.0.0.202111181127/tools/bin/../lib/gcc/arm-none-eabi/10.3.1/../../../../arm-none-eabi/lib/thumb/v7e-m+fp/hard/libc_nano.a(lib_a-snprintf.o)
                0x0000000008005ef4                snprintf
                0x0000000008005ef4                sniprintf
 .text.__ssputs_r
                0x0000000008005f5c       0xb6 /Applications/STM32CubeIDE.app/Contents/Eclipse/plugins/com.st.stm32cube.ide.mcu.externaltools.gnu-tools-for-stm32.10.3-2021.10.macos64_1.0.0.202111181127/tools/bin/../lib/gcc/arm-none-eabi/10.3.1/../../../../arm-none-eabi/lib/thumb/v7e-m+fp/hard/libc_nano.a(lib_a-nano-svfprintf.o)
                0x0000000008005f5c                __ssputs_r
 *fill*         0x0000000008006012        0x2 
 .text._svfprintf_r
                0x0000000008006014      0x200 /Applications/STM32CubeIDE.app/Contents/Eclipse/plugins/com.st.stm32cube.ide.mcu.externaltools.gnu-tools-for-stm32.10.3-2021.10.macos64_1.0.0.202111181127/tools/bin/../lib/gcc/arm-none-eabi/10.3.1/../../../../arm-none-eabi/lib/thumb/v7e-m+fp/hard/libc_nano.a(lib_a-nano-svfprintf.o)
                0x0000000008006014                _svfprintf_r
                0x0000000008006014                _svfiprintf_r
 .text._printf_common
                0x0000000008006214       0xda /Applications/STM32CubeIDE.app/Contents/Eclipse/plugins/com.st.stm32cube.ide.mcu.externaltools.gnu-tools-for-stm32.10.3-2021.10.macos64_1.0.0.202111181127/tools/bin/../lib/gcc/arm-none-eabi/10.3.1/../../../../arm-none-eabi/lib/thumb/v7e-m+fp/hard/libc_nano.a(lib_a-nano-vfprintf_i.o)
                0x0000000008006214                _printf_common
 *fill*         0x00000000080062ee        0x2 
 .text._printf_i
                0x00000000080062f0      0x24c /Applications/STM32CubeIDE.app/Contents/Eclipse/plugins/com.st.stm32cube.ide.mcu.externaltools.gnu-tools-for-stm32.10.3-2021.10.macos64_1.0.0.202111181127/tools/bin/../lib/gcc/arm-none-eabi/10.3.1/../../../../arm-none-eabi/lib/thumb/v7e-m+fp/hard/libc_nano.a(lib_a-nano-vfprintf_i.o)
                0x00000000080062f0                _printf_i
 .text.memmove  0x000000000800653c       0x34 /Applications/STM32CubeIDE.app/Contents/Eclipse/plugins/com.st.stm32cube.ide.mcu.externaltools.gnu-tools-for-stm32.10.3-2021.10.macos64_1.0.0.202111181127/tools/bin/../lib/gcc/arm-none-eabi/10.3.1/../../../../arm-none-eabi/lib/thumb/v7e-m+fp/hard/libc_nano.a(lib_a-memmove.o)
                0x000000000800653c                memmove
 .text._free_r  0x0000000008006570       0x98 /Applications/STM32CubeIDE.app/Contents/Eclipse/plugins/com.st.stm32cube.ide.mcu.externaltools.gnu-tools-for-stm32.10.3-2021.10.macos64_1.0.0.202111181127/tools/bin/../lib/gcc/arm-none-eabi/10.3.1/../../../../arm-none-eabi/lib/thumb/v7e-m+fp/hard/libc_nano.a(lib_a-nano-freer.o)
                0x0000000008006570                _free_r
 .text.sbrk_aligned
                0x0000000008006608       0x40 /Applications/STM32CubeIDE.app/Contents/Eclipse/plugins/com.st.stm32cube.ide.mcu.externaltools.gnu-tools-for-stm32.10.3-2021.10.macos64_1.0.0.202111181127/tools/bin/../lib/gcc/arm-none-eabi/10.3.1/../../../../arm-none-eabi/lib/thumb/v7e-m+fp/hard/libc_nano.a(lib_a-nano-mallocr.o)
 .text._malloc_r
                0x0000000008006648       0xe8 /Applications/STM32CubeIDE.app/Contents/Eclipse/plugins/com.st.stm32cube.ide.mcu.externaltools.gnu-tools-for-stm32.10.3-2021.10.macos64_1.0.0.202111181127/tools/bin/../lib/gcc/arm-none-eabi/10.3.1/../../../../arm-none-eabi/lib/thumb/v7e-m+fp/hard/libc_nano.a(lib_a-nano-mallocr.o)
                0x0000000008006648                _malloc_r
 .text._realloc_r
                0x0000000008006730       0x5e /Applications/STM32CubeIDE.app/Contents/Eclipse/plugins/com.st.stm32cube.ide.mcu.externaltools.gnu-tools-for-stm32.10.3-2021.10.macos64_1.0.0.202111181127/tools/bin/../lib/gcc/arm-none-eabi/10.3.1/../../../../arm-none-eabi/lib/thumb/v7e-m+fp/hard/libc_nano.a(lib_a-nano-reallocr.o)
                0x0000000008006730                _realloc_r
 *fill*         0x000000000800678e        0x2 
 .text._sbrk_r  0x0000000008006790       0x20 /Applications/STM32CubeIDE.app/Contents/Eclipse/plugins/com.st.stm32cube.ide.mcu.externaltools.gnu-tools-for-stm32.10.3-2021.10.macos64_1.0.0.202111181127/tools/bin/../lib/gcc/arm-none-eabi/10.3.1/../../../../arm-none-eabi/lib/thumb/v7e-m+fp/hard/libc_nano.a(lib_a-sbrkr.o)
                0x0000000008006790                _sbrk_r
 .text.__malloc_lock
                0x00000000080067b0        0xc /Applications/STM32CubeIDE.app/Contents/Eclipse/plugins/com.st.stm32cube.ide.mcu.externaltools.gnu-tools-for-stm32.10.3-2021.10.macos64_1.0.0.202111181127/tools/bin/../lib/gcc/arm-none-eabi/10.3.1/../../../../arm-none-eabi/lib/thumb/v7e-m+fp/hard/libc_nano.a(lib_a-mlock.o)
                0x00000000080067b0                __malloc_lock
 .text.__malloc_unlock
                0x00000000080067bc        0xc /Applications/STM32CubeIDE.app/Contents/Eclipse/plugins/com.st.stm32cube.ide.mcu.externaltools.gnu-tools-for-stm32.10.3-2021.10.macos64_1.0.0.202111181127/tools/bin/../lib/gcc/arm-none-eabi/10.3.1/../../../../arm-none-eabi/lib/thumb/v7e-m+fp/hard/libc_nano.a(lib_a-mlock.o)
                0x00000000080067bc                __malloc_unlock
 .text._malloc_usable_size_r
                0x00000000080067c8       0x10 /Applications/STM32CubeIDE.app/Contents/Eclipse/plugins/com.st.stm32cube.ide.mcu.externaltools.gnu-tools-for-stm32.10.3-2021.10.macos64_1.0.0.202111181127/tools/bin/../lib/gcc/arm-none-eabi/10.3.1/../../../../arm-none-eabi/lib/thumb/v7e-m+fp/hard/libc_nano.a(lib_a-nano-msizer.o)
                0x00000000080067c8                _malloc_usable_size_r
 .text.__retarget_lock_acquire_recursive
                0x00000000080067d8        0x2 /Applications/STM32CubeIDE.app/Contents/Eclipse/plugins/com.st.stm32cube.ide.mcu.externaltools.gnu-tools-for-stm32.10.3-2021.10.macos64_1.0.0.202111181127/tools/bin/../lib/gcc/arm-none-eabi/10.3.1/../../../../arm-none-eabi/lib/thumb/v7e-m+fp/hard/libc_nano.a(lib_a-lock.o)
                0x00000000080067d8                __retarget_lock_acquire_recursive
 .text.__retarget_lock_release_recursive
                0x00000000080067da        0x2 /Applications/STM32CubeIDE.app/Contents/Eclipse/plugins/com.st.stm32cube.ide.mcu.externaltools.gnu-tools-for-stm32.10.3-2021.10.macos64_1.0.0.202111181127/tools/bin/../lib/gcc/arm-none-eabi/10.3.1/../../../../arm-none-eabi/lib/thumb/v7e-m+fp/hard/libc_nano.a(lib_a-lock.o)
                0x00000000080067da                __retarget_lock_release_recursive
 *(.glue_7)
 .glue_7        0x00000000080067dc        0x0 linker stubs
 *(.glue_7t)
 .glue_7t       0x00000000080067dc        0x0 linker stubs
 *(.eh_frame)
 .eh_frame      0x00000000080067dc        0x0 /Applications/STM32CubeIDE.app/Contents/Eclipse/plugins/com.st.stm32cube.ide.mcu.externaltools.gnu-tools-for-stm32.10.3-2021.10.macos64_1.0.0.202111181127/tools/bin/../lib/gcc/arm-none-eabi/10.3.1/thumb/v7e-m+fp/hard/crtbegin.o
 *(.init)
 .init          0x00000000080067dc        0x4 /Applications/STM32CubeIDE.app/Contents/Eclipse/plugins/com.st.stm32cube.ide.mcu.externaltools.gnu-tools-for-stm32.10.3-2021.10.macos64_1.0.0.202111181127/tools/bin/../lib/gcc/arm-none-eabi/10.3.1/thumb/v7e-m+fp/hard/crti.o
                0x00000000080067dc                _init
 .init          0x00000000080067e0        0x8 /Applications/STM32CubeIDE.app/Contents/Eclipse/plugins/com.st.stm32cube.ide.mcu.externaltools.gnu-tools-for-stm32.10.3-2021.10.macos64_1.0.0.202111181127/tools/bin/../lib/gcc/arm-none-eabi/10.3.1/thumb/v7e-m+fp/hard/crtn.o
 *(.fini)
 .fini          0x00000000080067e8        0x4 /Applications/STM32CubeIDE.app/Contents/Eclipse/plugins/com.st.stm32cube.ide.mcu.externaltools.gnu-tools-for-stm32.10.3-2021.10.macos64_1.0.0.202111181127/tools/bin/../lib/gcc/arm-none-eabi/10.3.1/thumb/v7e-m+fp/hard/crti.o
                0x00000000080067e8                _fini
 .fini          0x00000000080067ec        0x8 /Applications/STM32CubeIDE.app/Contents/Eclipse/plugins/com.st.stm32cube.ide.mcu.externaltools.gnu-tools-for-stm32.10.3-2021.10.macos64_1.0.0.202111181127/tools/bin/../lib/gcc/arm-none-eabi/10.3.1/thumb/v7e-m+fp/hard/crtn.o
                0x00000000080067f4                . = ALIGN (0x4)
                0x00000000080067f4                _etext = .

.vfp11_veneer   0x00000000080067f4        0x0
 .vfp11_veneer  0x00000000080067f4        0x0 linker stubs

.v4_bx          0x00000000080067f4        0x0
 .v4_bx         0x00000000080067f4        0x0 linker stubs

.iplt           0x00000000080067f4        0x0
 .iplt          0x00000000080067f4        0x0 /Applications/STM32CubeIDE.app/Contents/Eclipse/plugins/com.st.stm32cube.ide.mcu.externaltools.gnu-tools-for-stm32.10.3-2021.10.macos64_1.0.0.202111181127/tools/bin/../lib/gcc/arm-none-eabi/10.3.1/thumb/v7e-m+fp/hard/crtbegin.o

.rodata         0x00000000080067f4      0x404
                0x00000000080067f4                . = ALIGN (0x4)
 *(.rodata)
 .rodata        0x00000000080067f4      0x3b7 ./Core/Src/main.o
 *(.rodata*)
 *fill*         0x0000000008006bab        0x1 
 .rodata.AHBPrescTable
                0x0000000008006bac       0x10 ./Core/Src/system_stm32f4xx.o
                0x0000000008006bac                AHBPrescTable
 .rodata.APBPrescTable
                0x0000000008006bbc        0x8 ./Core/Src/system_stm32f4xx.o
                0x0000000008006bbc                APBPrescTable
 .rodata._svfprintf_r.str1.1
                0x0000000008006bc4       0x11 /Applications/STM32CubeIDE.app/Contents/Eclipse/plugins/com.st.stm32cube.ide.mcu.externaltools.gnu-tools-for-stm32.10.3-2021.10.macos64_1.0.0.202111181127/tools/bin/../lib/gcc/arm-none-eabi/10.3.1/../../../../arm-none-eabi/lib/thumb/v7e-m+fp/hard/libc_nano.a(lib_a-nano-svfprintf.o)
 .rodata._printf_i.str1.1
                0x0000000008006bd5       0x22 /Applications/STM32CubeIDE.app/Contents/Eclipse/plugins/com.st.stm32cube.ide.mcu.externaltools.gnu-tools-for-stm32.10.3-2021.10.macos64_1.0.0.202111181127/tools/bin/../lib/gcc/arm-none-eabi/10.3.1/../../../../arm-none-eabi/lib/thumb/v7e-m+fp/hard/libc_nano.a(lib_a-nano-vfprintf_i.o)
                0x0000000008006bf8                . = ALIGN (0x4)
 *fill*         0x0000000008006bf7        0x1 

.ARM.extab      0x0000000008006bf8        0x0
                0x0000000008006bf8                . = ALIGN (0x4)
 *(.ARM.extab* .gnu.linkonce.armextab.*)
                0x0000000008006bf8                . = ALIGN (0x4)

.ARM            0x0000000008006bf8        0x8
                0x0000000008006bf8                . = ALIGN (0x4)
                0x0000000008006bf8                __exidx_start = .
 *(.ARM.exidx*)
 .ARM.exidx     0x0000000008006bf8        0x8 /Applications/STM32CubeIDE.app/Contents/Eclipse/plugins/com.st.stm32cube.ide.mcu.externaltools.gnu-tools-for-stm32.10.3-2021.10.macos64_1.0.0.202111181127/tools/bin/../lib/gcc/arm-none-eabi/10.3.1/thumb/v7e-m+fp/hard/libgcc.a(_udivmoddi4.o)
                0x0000000008006c00                __exidx_end = .
                0x0000000008006c00                . = ALIGN (0x4)

.rel.dyn        0x0000000008006c00        0x0
 .rel.iplt      0x0000000008006c00        0x0 /Applications/STM32CubeIDE.app/Contents/Eclipse/plugins/com.st.stm32cube.ide.mcu.externaltools.gnu-tools-for-stm32.10.3-2021.10.macos64_1.0.0.202111181127/tools/bin/../lib/gcc/arm-none-eabi/10.3.1/thumb/v7e-m+fp/hard/crtbegin.o

.preinit_array  0x0000000008006c00        0x0
                0x0000000008006c00                . = ALIGN (0x4)
                0x0000000008006c00                PROVIDE (__preinit_array_start = .)
 *(.preinit_array*)
                0x0000000008006c00                PROVIDE (__preinit_array_end = .)
                0x0000000008006c00                . = ALIGN (0x4)

.init_array     0x0000000008006c00        0x4
                0x0000000008006c00                . = ALIGN (0x4)
                0x0000000008006c00                PROVIDE (__init_array_start = .)
 *(SORT_BY_NAME(.init_array.*))
 *(.init_array*)
 .init_array    0x0000000008006c00        0x4 /Applications/STM32CubeIDE.app/Contents/Eclipse/plugins/com.st.stm32cube.ide.mcu.externaltools.gnu-tools-for-stm32.10.3-2021.10.macos64_1.0.0.202111181127/tools/bin/../lib/gcc/arm-none-eabi/10.3.1/thumb/v7e-m+fp/hard/crtbegin.o
                0x0000000008006c04                PROVIDE (__init_array_end = .)
                0x0000000008006c04                . = ALIGN (0x4)

.fini_array     0x0000000008006c04        0x4
                0x0000000008006c04                . = ALIGN (0x4)
                [!provide]                        PROVIDE (__fini_array_start = .)
 *(SORT_BY_NAME(.fini_array.*))
 *(.fini_array*)
 .fini_array    0x0000000008006c04        0x4 /Applications/STM32CubeIDE.app/Contents/Eclipse/plugins/com.st.stm32cube.ide.mcu.externaltools.gnu-tools-for-stm32.10.3-2021.10.macos64_1.0.0.202111181127/tools/bin/../lib/gcc/arm-none-eabi/10.3.1/thumb/v7e-m+fp/hard/crtbegin.o
                [!provide]                        PROVIDE (__fini_array_end = .)
                0x0000000008006c08                . = ALIGN (0x4)
                0x0000000008006c08                _sidata = LOADADDR (.data)

.data           0x0000000020000000       0xb8 load address 0x0000000008006c08
                0x0000000020000000                . = ALIGN (0x4)
                0x0000000020000000                _sdata = .
 *(.data)
 *(.data*)
 .data.minimum_delay.4
                0x0000000020000000        0x4 ./Core/Src/btn.o
 .data.reset_time.3
                0x0000000020000004        0x4 ./Core/Src/btn.o
 .data.up_threshold.1
                0x0000000020000008        0x4 ./Core/Src/btn.o
 .data.down_threshold.0
                0x000000002000000c        0x4 ./Core/Src/btn.o
 .data.minimum_delay.2
                0x0000000020000010        0x4 ./Core/Src/keyboard.o
 .data.pull_delay.1
                0x0000000020000014        0x4 ./Core/Src/keyboard.o
 .data.mode_leds
                0x0000000020000018       0x12 ./Core/Src/main.o
                0x0000000020000018                mode_leds
 *fill*         0x000000002000002a        0x2 
 .data.mode_brightness
                0x000000002000002c       0x12 ./Core/Src/main.o
                0x000000002000002c                mode_brightness
 *fill*         0x000000002000003e        0x2 
 .data.cur_mode
                0x0000000020000040        0x4 ./Core/Src/main.o
                0x0000000020000040                cur_mode
 .data.OUTPUT_PORT_DEFAULT
                0x0000000020000044        0x1 ./Core/Src/pca9538.o
 .data.CONFIG_DEFAULT
                0x0000000020000045        0x1 ./Core/Src/pca9538.o
 *fill*         0x0000000020000046        0x2 
 .data.SystemCoreClock
                0x0000000020000048        0x4 ./Core/Src/system_stm32f4xx.o
                0x0000000020000048                SystemCoreClock
 .data.uwTickPrio
                0x000000002000004c        0x4 ./Drivers/STM32F4xx_HAL_Driver/Src/stm32f4xx_hal.o
                0x000000002000004c                uwTickPrio
 .data.uwTickFreq
                0x0000000020000050        0x1 ./Drivers/STM32F4xx_HAL_Driver/Src/stm32f4xx_hal.o
                0x0000000020000050                uwTickFreq
 *fill*         0x0000000020000051        0x3 
 .data._impure_ptr
                0x0000000020000054        0x4 /Applications/STM32CubeIDE.app/Contents/Eclipse/plugins/com.st.stm32cube.ide.mcu.externaltools.gnu-tools-for-stm32.10.3-2021.10.macos64_1.0.0.202111181127/tools/bin/../lib/gcc/arm-none-eabi/10.3.1/../../../../arm-none-eabi/lib/thumb/v7e-m+fp/hard/libc_nano.a(lib_a-impure.o)
                0x0000000020000054                _impure_ptr
 .data.impure_data
                0x0000000020000058       0x60 /Applications/STM32CubeIDE.app/Contents/Eclipse/plugins/com.st.stm32cube.ide.mcu.externaltools.gnu-tools-for-stm32.10.3-2021.10.macos64_1.0.0.202111181127/tools/bin/../lib/gcc/arm-none-eabi/10.3.1/../../../../arm-none-eabi/lib/thumb/v7e-m+fp/hard/libc_nano.a(lib_a-impure.o)
 *(.RamFunc)
 *(.RamFunc*)
                0x00000000200000b8                . = ALIGN (0x4)
                0x00000000200000b8                _edata = .
                0x0000000008006cc0                _siccmram = LOADADDR (.ccmram)

.igot.plt       0x00000000200000b8        0x0 load address 0x0000000008006cc0
 .igot.plt      0x00000000200000b8        0x0 /Applications/STM32CubeIDE.app/Contents/Eclipse/plugins/com.st.stm32cube.ide.mcu.externaltools.gnu-tools-for-stm32.10.3-2021.10.macos64_1.0.0.202111181127/tools/bin/../lib/gcc/arm-none-eabi/10.3.1/thumb/v7e-m+fp/hard/crtbegin.o

.ccmram         0x0000000010000000        0x0 load address 0x0000000008006cc0
                0x0000000010000000                . = ALIGN (0x4)
                0x0000000010000000                _sccmram = .
 *(.ccmram)
 *(.ccmram*)
                0x0000000010000000                . = ALIGN (0x4)
                0x0000000010000000                _eccmram = .
                0x0000000010000000                . = ALIGN (0x4)

.bss            0x00000000200000b8      0x984
                0x00000000200000b8                _sbss = .
                0x00000000200000b8                __bss_start__ = _sbss
 *(.bss)
 .bss           0x00000000200000b8       0x1c /Applications/STM32CubeIDE.app/Contents/Eclipse/plugins/com.st.stm32cube.ide.mcu.externaltools.gnu-tools-for-stm32.10.3-2021.10.macos64_1.0.0.202111181127/tools/bin/../lib/gcc/arm-none-eabi/10.3.1/thumb/v7e-m+fp/hard/crtbegin.o
 *(.bss*)
 .bss.last_time.5
                0x00000000200000d4        0x4 ./Core/Src/btn.o
 .bss.set_time.2
                0x00000000200000d8        0x4 ./Core/Src/btn.o
 .bss.hi2c1     0x00000000200000dc       0x54 ./Core/Src/i2c.o
                0x00000000200000dc                hi2c1
 .bss.last_time.3
                0x0000000020000130        0x4 ./Core/Src/keyboard.o
 .bss.prev_state.0
                0x0000000020000134        0x2 ./Core/Src/keyboard.o
 *fill*         0x0000000020000136        0x2 
 .bss.transmitBuffer
                0x0000000020000138      0x806 ./Core/Src/main.o
                0x0000000020000138                transmitBuffer
 .bss.hello_print
                0x000000002000093e        0x1 ./Core/Src/main.o
                0x000000002000093e                hello_print
 *fill*         0x000000002000093f        0x1 
 .bss.state     0x0000000020000940        0x2 ./Core/Src/main.o
                0x0000000020000940                state
 *fill*         0x0000000020000942        0x2 
 .bss.edit_mode
                0x0000000020000944        0x4 ./Core/Src/main.o
                0x0000000020000944                edit_mode
 .bss.edit_mode_led
                0x0000000020000948        0x2 ./Core/Src/main.o
                0x0000000020000948                edit_mode_led
 .bss.edit_mode_brightness
                0x000000002000094a        0x2 ./Core/Src/main.o
                0x000000002000094a                edit_mode_brightness
 .bss.POLARITY_INVERSION_DEFAULT
                0x000000002000094c        0x1 ./Core/Src/pca9538.o
 *fill*         0x000000002000094d        0x3 
 .bss.__sbrk_heap_end
                0x0000000020000950        0x4 ./Core/Src/sysmem.o
 .bss.htim4     0x0000000020000954       0x48 ./Core/Src/tim.o
                0x0000000020000954                htim4
 .bss.htim6     0x000000002000099c       0x48 ./Core/Src/tim.o
                0x000000002000099c                htim6
 .bss.huart6    0x00000000200009e4       0x44 ./Core/Src/usart.o
                0x00000000200009e4                huart6
 .bss.uwTick    0x0000000020000a28        0x4 ./Drivers/STM32F4xx_HAL_Driver/Src/stm32f4xx_hal.o
                0x0000000020000a28                uwTick
 .bss.__malloc_free_list
                0x0000000020000a2c        0x4 /Applications/STM32CubeIDE.app/Contents/Eclipse/plugins/com.st.stm32cube.ide.mcu.externaltools.gnu-tools-for-stm32.10.3-2021.10.macos64_1.0.0.202111181127/tools/bin/../lib/gcc/arm-none-eabi/10.3.1/../../../../arm-none-eabi/lib/thumb/v7e-m+fp/hard/libc_nano.a(lib_a-nano-mallocr.o)
                0x0000000020000a2c                __malloc_free_list
 .bss.__malloc_sbrk_start
                0x0000000020000a30        0x4 /Applications/STM32CubeIDE.app/Contents/Eclipse/plugins/com.st.stm32cube.ide.mcu.externaltools.gnu-tools-for-stm32.10.3-2021.10.macos64_1.0.0.202111181127/tools/bin/../lib/gcc/arm-none-eabi/10.3.1/../../../../arm-none-eabi/lib/thumb/v7e-m+fp/hard/libc_nano.a(lib_a-nano-mallocr.o)
                0x0000000020000a30                __malloc_sbrk_start
 .bss.errno     0x0000000020000a34        0x4 /Applications/STM32CubeIDE.app/Contents/Eclipse/plugins/com.st.stm32cube.ide.mcu.externaltools.gnu-tools-for-stm32.10.3-2021.10.macos64_1.0.0.202111181127/tools/bin/../lib/gcc/arm-none-eabi/10.3.1/../../../../arm-none-eabi/lib/thumb/v7e-m+fp/hard/libc_nano.a(lib_a-reent.o)
                0x0000000020000a34                errno
 .bss.__lock___malloc_recursive_mutex
                0x0000000020000a38        0x1 /Applications/STM32CubeIDE.app/Contents/Eclipse/plugins/com.st.stm32cube.ide.mcu.externaltools.gnu-tools-for-stm32.10.3-2021.10.macos64_1.0.0.202111181127/tools/bin/../lib/gcc/arm-none-eabi/10.3.1/../../../../arm-none-eabi/lib/thumb/v7e-m+fp/hard/libc_nano.a(lib_a-lock.o)
                0x0000000020000a38                __lock___malloc_recursive_mutex
 *(COMMON)
                0x0000000020000a3c                . = ALIGN (0x4)
 *fill*         0x0000000020000a39        0x3 
                0x0000000020000a3c                _ebss = .
                0x0000000020000a3c                __bss_end__ = _ebss

._user_heap_stack
                0x0000000020000a3c      0x604
                0x0000000020000a40                . = ALIGN (0x8)
 *fill*         0x0000000020000a3c        0x4 
                [!provide]                        PROVIDE (end = .)
                0x0000000020000a40                PROVIDE (_end = .)
                0x0000000020000c40                . = (. + _Min_Heap_Size)
 *fill*         0x0000000020000a40      0x200 
                0x0000000020001040                . = (. + _Min_Stack_Size)
 *fill*         0x0000000020000c40      0x400 
                0x0000000020001040                . = ALIGN (0x8)

/DISCARD/
 libc.a(*)
 libm.a(*)
 libgcc.a(*)

.ARM.attributes
                0x0000000000000000       0x30
 *(.ARM.attributes)
 .ARM.attributes
                0x0000000000000000       0x1e /Applications/STM32CubeIDE.app/Contents/Eclipse/plugins/com.st.stm32cube.ide.mcu.externaltools.gnu-tools-for-stm32.10.3-2021.10.macos64_1.0.0.202111181127/tools/bin/../lib/gcc/arm-none-eabi/10.3.1/thumb/v7e-m+fp/hard/crti.o
 .ARM.attributes
                0x000000000000001e       0x34 /Applications/STM32CubeIDE.app/Contents/Eclipse/plugins/com.st.stm32cube.ide.mcu.externaltools.gnu-tools-for-stm32.10.3-2021.10.macos64_1.0.0.202111181127/tools/bin/../lib/gcc/arm-none-eabi/10.3.1/thumb/v7e-m+fp/hard/crtbegin.o
 .ARM.attributes
                0x0000000000000052       0x34 ./Core/Src/btn.o
 .ARM.attributes
                0x0000000000000086       0x34 ./Core/Src/buf.o
 .ARM.attributes
                0x00000000000000ba       0x34 ./Core/Src/gpio.o
 .ARM.attributes
                0x00000000000000ee       0x34 ./Core/Src/i2c.o
 .ARM.attributes
                0x0000000000000122       0x34 ./Core/Src/keyboard.o
 .ARM.attributes
                0x0000000000000156       0x34 ./Core/Src/main.o
 .ARM.attributes
                0x000000000000018a       0x34 ./Core/Src/pca9538.o
 .ARM.attributes
                0x00000000000001be       0x34 ./Core/Src/stm32f4xx_hal_msp.o
 .ARM.attributes
                0x00000000000001f2       0x34 ./Core/Src/stm32f4xx_it.o
 .ARM.attributes
                0x0000000000000226       0x34 ./Core/Src/sysmem.o
 .ARM.attributes
                0x000000000000025a       0x34 ./Core/Src/system_stm32f4xx.o
 .ARM.attributes
                0x000000000000028e       0x34 ./Core/Src/tim.o
 .ARM.attributes
                0x00000000000002c2       0x34 ./Core/Src/usart.o
 .ARM.attributes
                0x00000000000002f6       0x21 ./Core/Startup/startup_stm32f427vitx.o
 .ARM.attributes
                0x0000000000000317       0x34 ./Drivers/STM32F4xx_HAL_Driver/Src/stm32f4xx_hal.o
 .ARM.attributes
                0x000000000000034b       0x34 ./Drivers/STM32F4xx_HAL_Driver/Src/stm32f4xx_hal_cortex.o
 .ARM.attributes
                0x000000000000037f       0x34 ./Drivers/STM32F4xx_HAL_Driver/Src/stm32f4xx_hal_dma.o
 .ARM.attributes
                0x00000000000003b3       0x34 ./Drivers/STM32F4xx_HAL_Driver/Src/stm32f4xx_hal_gpio.o
 .ARM.attributes
                0x00000000000003e7       0x34 ./Drivers/STM32F4xx_HAL_Driver/Src/stm32f4xx_hal_i2c.o
 .ARM.attributes
                0x000000000000041b       0x34 ./Drivers/STM32F4xx_HAL_Driver/Src/stm32f4xx_hal_i2c_ex.o
 .ARM.attributes
                0x000000000000044f       0x34 ./Drivers/STM32F4xx_HAL_Driver/Src/stm32f4xx_hal_rcc.o
 .ARM.attributes
                0x0000000000000483       0x34 ./Drivers/STM32F4xx_HAL_Driver/Src/stm32f4xx_hal_tim.o
 .ARM.attributes
                0x00000000000004b7       0x34 ./Drivers/STM32F4xx_HAL_Driver/Src/stm32f4xx_hal_tim_ex.o
 .ARM.attributes
                0x00000000000004eb       0x34 ./Drivers/STM32F4xx_HAL_Driver/Src/stm32f4xx_hal_uart.o
 .ARM.attributes
                0x000000000000051f       0x34 /Applications/STM32CubeIDE.app/Contents/Eclipse/plugins/com.st.stm32cube.ide.mcu.externaltools.gnu-tools-for-stm32.10.3-2021.10.macos64_1.0.0.202111181127/tools/bin/../lib/gcc/arm-none-eabi/10.3.1/../../../../arm-none-eabi/lib/thumb/v7e-m+fp/hard/libc_nano.a(lib_a-errno.o)
 .ARM.attributes
                0x0000000000000553       0x34 /Applications/STM32CubeIDE.app/Contents/Eclipse/plugins/com.st.stm32cube.ide.mcu.externaltools.gnu-tools-for-stm32.10.3-2021.10.macos64_1.0.0.202111181127/tools/bin/../lib/gcc/arm-none-eabi/10.3.1/../../../../arm-none-eabi/lib/thumb/v7e-m+fp/hard/libc_nano.a(lib_a-impure.o)
 .ARM.attributes
                0x0000000000000587       0x34 /Applications/STM32CubeIDE.app/Contents/Eclipse/plugins/com.st.stm32cube.ide.mcu.externaltools.gnu-tools-for-stm32.10.3-2021.10.macos64_1.0.0.202111181127/tools/bin/../lib/gcc/arm-none-eabi/10.3.1/../../../../arm-none-eabi/lib/thumb/v7e-m+fp/hard/libc_nano.a(lib_a-init.o)
 .ARM.attributes
                0x00000000000005bb       0x34 /Applications/STM32CubeIDE.app/Contents/Eclipse/plugins/com.st.stm32cube.ide.mcu.externaltools.gnu-tools-for-stm32.10.3-2021.10.macos64_1.0.0.202111181127/tools/bin/../lib/gcc/arm-none-eabi/10.3.1/../../../../arm-none-eabi/lib/thumb/v7e-m+fp/hard/libc_nano.a(lib_a-memcpy-stub.o)
 .ARM.attributes
                0x00000000000005ef       0x34 /Applications/STM32CubeIDE.app/Contents/Eclipse/plugins/com.st.stm32cube.ide.mcu.externaltools.gnu-tools-for-stm32.10.3-2021.10.macos64_1.0.0.202111181127/tools/bin/../lib/gcc/arm-none-eabi/10.3.1/../../../../arm-none-eabi/lib/thumb/v7e-m+fp/hard/libc_nano.a(lib_a-memset.o)
 .ARM.attributes
                0x0000000000000623       0x34 /Applications/STM32CubeIDE.app/Contents/Eclipse/plugins/com.st.stm32cube.ide.mcu.externaltools.gnu-tools-for-stm32.10.3-2021.10.macos64_1.0.0.202111181127/tools/bin/../lib/gcc/arm-none-eabi/10.3.1/../../../../arm-none-eabi/lib/thumb/v7e-m+fp/hard/libc_nano.a(lib_a-snprintf.o)
 .ARM.attributes
                0x0000000000000657       0x17 /Applications/STM32CubeIDE.app/Contents/Eclipse/plugins/com.st.stm32cube.ide.mcu.externaltools.gnu-tools-for-stm32.10.3-2021.10.macos64_1.0.0.202111181127/tools/bin/../lib/gcc/arm-none-eabi/10.3.1/../../../../arm-none-eabi/lib/thumb/v7e-m+fp/hard/libc_nano.a(lib_a-strlen.o)
 .ARM.attributes
                0x000000000000066e       0x34 /Applications/STM32CubeIDE.app/Contents/Eclipse/plugins/com.st.stm32cube.ide.mcu.externaltools.gnu-tools-for-stm32.10.3-2021.10.macos64_1.0.0.202111181127/tools/bin/../lib/gcc/arm-none-eabi/10.3.1/../../../../arm-none-eabi/lib/thumb/v7e-m+fp/hard/libc_nano.a(lib_a-nano-svfprintf.o)
 .ARM.attributes
                0x00000000000006a2       0x34 /Applications/STM32CubeIDE.app/Contents/Eclipse/plugins/com.st.stm32cube.ide.mcu.externaltools.gnu-tools-for-stm32.10.3-2021.10.macos64_1.0.0.202111181127/tools/bin/../lib/gcc/arm-none-eabi/10.3.1/../../../../arm-none-eabi/lib/thumb/v7e-m+fp/hard/libc_nano.a(lib_a-nano-vfprintf_i.o)
 .ARM.attributes
                0x00000000000006d6       0x1c /Applications/STM32CubeIDE.app/Contents/Eclipse/plugins/com.st.stm32cube.ide.mcu.externaltools.gnu-tools-for-stm32.10.3-2021.10.macos64_1.0.0.202111181127/tools/bin/../lib/gcc/arm-none-eabi/10.3.1/../../../../arm-none-eabi/lib/thumb/v7e-m+fp/hard/libc_nano.a(lib_a-memchr.o)
 .ARM.attributes
                0x00000000000006f2       0x34 /Applications/STM32CubeIDE.app/Contents/Eclipse/plugins/com.st.stm32cube.ide.mcu.externaltools.gnu-tools-for-stm32.10.3-2021.10.macos64_1.0.0.202111181127/tools/bin/../lib/gcc/arm-none-eabi/10.3.1/../../../../arm-none-eabi/lib/thumb/v7e-m+fp/hard/libc_nano.a(lib_a-memmove.o)
 .ARM.attributes
                0x0000000000000726       0x34 /Applications/STM32CubeIDE.app/Contents/Eclipse/plugins/com.st.stm32cube.ide.mcu.externaltools.gnu-tools-for-stm32.10.3-2021.10.macos64_1.0.0.202111181127/tools/bin/../lib/gcc/arm-none-eabi/10.3.1/../../../../arm-none-eabi/lib/thumb/v7e-m+fp/hard/libc_nano.a(lib_a-nano-freer.o)
 .ARM.attributes
                0x000000000000075a       0x34 /Applications/STM32CubeIDE.app/Contents/Eclipse/plugins/com.st.stm32cube.ide.mcu.externaltools.gnu-tools-for-stm32.10.3-2021.10.macos64_1.0.0.202111181127/tools/bin/../lib/gcc/arm-none-eabi/10.3.1/../../../../arm-none-eabi/lib/thumb/v7e-m+fp/hard/libc_nano.a(lib_a-nano-mallocr.o)
 .ARM.attributes
                0x000000000000078e       0x34 /Applications/STM32CubeIDE.app/Contents/Eclipse/plugins/com.st.stm32cube.ide.mcu.externaltools.gnu-tools-for-stm32.10.3-2021.10.macos64_1.0.0.202111181127/tools/bin/../lib/gcc/arm-none-eabi/10.3.1/../../../../arm-none-eabi/lib/thumb/v7e-m+fp/hard/libc_nano.a(lib_a-nano-reallocr.o)
 .ARM.attributes
                0x00000000000007c2       0x34 /Applications/STM32CubeIDE.app/Contents/Eclipse/plugins/com.st.stm32cube.ide.mcu.externaltools.gnu-tools-for-stm32.10.3-2021.10.macos64_1.0.0.202111181127/tools/bin/../lib/gcc/arm-none-eabi/10.3.1/../../../../arm-none-eabi/lib/thumb/v7e-m+fp/hard/libc_nano.a(lib_a-sbrkr.o)
 .ARM.attributes
                0x00000000000007f6       0x34 /Applications/STM32CubeIDE.app/Contents/Eclipse/plugins/com.st.stm32cube.ide.mcu.externaltools.gnu-tools-for-stm32.10.3-2021.10.macos64_1.0.0.202111181127/tools/bin/../lib/gcc/arm-none-eabi/10.3.1/../../../../arm-none-eabi/lib/thumb/v7e-m+fp/hard/libc_nano.a(lib_a-mlock.o)
 .ARM.attributes
                0x000000000000082a       0x34 /Applications/STM32CubeIDE.app/Contents/Eclipse/plugins/com.st.stm32cube.ide.mcu.externaltools.gnu-tools-for-stm32.10.3-2021.10.macos64_1.0.0.202111181127/tools/bin/../lib/gcc/arm-none-eabi/10.3.1/../../../../arm-none-eabi/lib/thumb/v7e-m+fp/hard/libc_nano.a(lib_a-nano-msizer.o)
 .ARM.attributes
                0x000000000000085e       0x34 /Applications/STM32CubeIDE.app/Contents/Eclipse/plugins/com.st.stm32cube.ide.mcu.externaltools.gnu-tools-for-stm32.10.3-2021.10.macos64_1.0.0.202111181127/tools/bin/../lib/gcc/arm-none-eabi/10.3.1/../../../../arm-none-eabi/lib/thumb/v7e-m+fp/hard/libc_nano.a(lib_a-reent.o)
 .ARM.attributes
                0x0000000000000892       0x34 /Applications/STM32CubeIDE.app/Contents/Eclipse/plugins/com.st.stm32cube.ide.mcu.externaltools.gnu-tools-for-stm32.10.3-2021.10.macos64_1.0.0.202111181127/tools/bin/../lib/gcc/arm-none-eabi/10.3.1/../../../../arm-none-eabi/lib/thumb/v7e-m+fp/hard/libc_nano.a(lib_a-lock.o)
 .ARM.attributes
                0x00000000000008c6       0x1e /Applications/STM32CubeIDE.app/Contents/Eclipse/plugins/com.st.stm32cube.ide.mcu.externaltools.gnu-tools-for-stm32.10.3-2021.10.macos64_1.0.0.202111181127/tools/bin/../lib/gcc/arm-none-eabi/10.3.1/thumb/v7e-m+fp/hard/libgcc.a(_aeabi_uldivmod.o)
 .ARM.attributes
                0x00000000000008e4       0x34 /Applications/STM32CubeIDE.app/Contents/Eclipse/plugins/com.st.stm32cube.ide.mcu.externaltools.gnu-tools-for-stm32.10.3-2021.10.macos64_1.0.0.202111181127/tools/bin/../lib/gcc/arm-none-eabi/10.3.1/thumb/v7e-m+fp/hard/libgcc.a(_udivmoddi4.o)
 .ARM.attributes
                0x0000000000000918       0x1e /Applications/STM32CubeIDE.app/Contents/Eclipse/plugins/com.st.stm32cube.ide.mcu.externaltools.gnu-tools-for-stm32.10.3-2021.10.macos64_1.0.0.202111181127/tools/bin/../lib/gcc/arm-none-eabi/10.3.1/thumb/v7e-m+fp/hard/libgcc.a(_dvmd_tls.o)
 .ARM.attributes
                0x0000000000000936       0x1e /Applications/STM32CubeIDE.app/Contents/Eclipse/plugins/com.st.stm32cube.ide.mcu.externaltools.gnu-tools-for-stm32.10.3-2021.10.macos64_1.0.0.202111181127/tools/bin/../lib/gcc/arm-none-eabi/10.3.1/thumb/v7e-m+fp/hard/crtn.o
OUTPUT(Lab4.elf elf32-littlearm)
LOAD linker stubs
LOAD /Applications/STM32CubeIDE.app/Contents/Eclipse/plugins/com.st.stm32cube.ide.mcu.externaltools.gnu-tools-for-stm32.10.3-2021.10.macos64_1.0.0.202111181127/tools/bin/../lib/gcc/arm-none-eabi/10.3.1/../../../../arm-none-eabi/lib/thumb/v7e-m+fp/hard/libc.a
LOAD /Applications/STM32CubeIDE.app/Contents/Eclipse/plugins/com.st.stm32cube.ide.mcu.externaltools.gnu-tools-for-stm32.10.3-2021.10.macos64_1.0.0.202111181127/tools/bin/../lib/gcc/arm-none-eabi/10.3.1/../../../../arm-none-eabi/lib/thumb/v7e-m+fp/hard/libm.a
LOAD /Applications/STM32CubeIDE.app/Contents/Eclipse/plugins/com.st.stm32cube.ide.mcu.externaltools.gnu-tools-for-stm32.10.3-2021.10.macos64_1.0.0.202111181127/tools/bin/../lib/gcc/arm-none-eabi/10.3.1/thumb/v7e-m+fp/hard/libgcc.a

.debug_info     0x0000000000000000    0x13618
 .debug_info    0x0000000000000000      0x358 ./Core/Src/btn.o
 .debug_info    0x0000000000000358      0x3ea ./Core/Src/buf.o
 .debug_info    0x0000000000000742      0x2fe ./Core/Src/gpio.o
 .debug_info    0x0000000000000a40      0xa6e ./Core/Src/i2c.o
 .debug_info    0x00000000000014ae      0x374 ./Core/Src/keyboard.o
 .debug_info    0x0000000000001822     0x13c5 ./Core/Src/main.o
 .debug_info    0x0000000000002be7      0x88b ./Core/Src/pca9538.o
 .debug_info    0x0000000000003472      0x2c4 ./Core/Src/stm32f4xx_hal_msp.o
 .debug_info    0x0000000000003736      0x9e0 ./Core/Src/stm32f4xx_it.o
 .debug_info    0x0000000000004116      0x171 ./Core/Src/sysmem.o
 .debug_info    0x0000000000004287      0x53f ./Core/Src/system_stm32f4xx.o
 .debug_info    0x00000000000047c6      0xf2b ./Core/Src/tim.o
 .debug_info    0x00000000000056f1      0xc5a ./Core/Src/usart.o
 .debug_info    0x000000000000634b       0x22 ./Core/Startup/startup_stm32f427vitx.o
 .debug_info    0x000000000000636d      0x9e8 ./Drivers/STM32F4xx_HAL_Driver/Src/stm32f4xx_hal.o
 .debug_info    0x0000000000006d55      0xe45 ./Drivers/STM32F4xx_HAL_Driver/Src/stm32f4xx_hal_cortex.o
 .debug_info    0x0000000000007b9a      0x94f ./Drivers/STM32F4xx_HAL_Driver/Src/stm32f4xx_hal_dma.o
 .debug_info    0x00000000000084e9      0x786 ./Drivers/STM32F4xx_HAL_Driver/Src/stm32f4xx_hal_gpio.o
 .debug_info    0x0000000000008c6f     0x2617 ./Drivers/STM32F4xx_HAL_Driver/Src/stm32f4xx_hal_i2c.o
 .debug_info    0x000000000000b286      0x6b6 ./Drivers/STM32F4xx_HAL_Driver/Src/stm32f4xx_hal_i2c_ex.o
 .debug_info    0x000000000000b93c      0x982 ./Drivers/STM32F4xx_HAL_Driver/Src/stm32f4xx_hal_rcc.o
 .debug_info    0x000000000000c2be     0x2bbe ./Drivers/STM32F4xx_HAL_Driver/Src/stm32f4xx_hal_tim.o
 .debug_info    0x000000000000ee7c     0x15e0 ./Drivers/STM32F4xx_HAL_Driver/Src/stm32f4xx_hal_tim_ex.o
 .debug_info    0x000000000001045c     0x31bc ./Drivers/STM32F4xx_HAL_Driver/Src/stm32f4xx_hal_uart.o

.debug_abbrev   0x0000000000000000     0x2cc0
 .debug_abbrev  0x0000000000000000      0x18a ./Core/Src/btn.o
 .debug_abbrev  0x000000000000018a      0x1e0 ./Core/Src/buf.o
 .debug_abbrev  0x000000000000036a       0xd4 ./Core/Src/gpio.o
 .debug_abbrev  0x000000000000043e      0x1f7 ./Core/Src/i2c.o
 .debug_abbrev  0x0000000000000635      0x16a ./Core/Src/keyboard.o
 .debug_abbrev  0x000000000000079f      0x3ac ./Core/Src/main.o
 .debug_abbrev  0x0000000000000b4b      0x187 ./Core/Src/pca9538.o
 .debug_abbrev  0x0000000000000cd2       0xd4 ./Core/Src/stm32f4xx_hal_msp.o
 .debug_abbrev  0x0000000000000da6      0x18b ./Core/Src/stm32f4xx_it.o
 .debug_abbrev  0x0000000000000f31       0xbb ./Core/Src/sysmem.o
 .debug_abbrev  0x0000000000000fec      0x116 ./Core/Src/system_stm32f4xx.o
 .debug_abbrev  0x0000000000001102      0x222 ./Core/Src/tim.o
 .debug_abbrev  0x0000000000001324      0x205 ./Core/Src/usart.o
 .debug_abbrev  0x0000000000001529       0x12 ./Core/Startup/startup_stm32f427vitx.o
 .debug_abbrev  0x000000000000153b      0x20d ./Drivers/STM32F4xx_HAL_Driver/Src/stm32f4xx_hal.o
 .debug_abbrev  0x0000000000001748      0x316 ./Drivers/STM32F4xx_HAL_Driver/Src/stm32f4xx_hal_cortex.o
 .debug_abbrev  0x0000000000001a5e      0x25b ./Drivers/STM32F4xx_HAL_Driver/Src/stm32f4xx_hal_dma.o
 .debug_abbrev  0x0000000000001cb9      0x1c4 ./Drivers/STM32F4xx_HAL_Driver/Src/stm32f4xx_hal_gpio.o
 .debug_abbrev  0x0000000000001e7d      0x297 ./Drivers/STM32F4xx_HAL_Driver/Src/stm32f4xx_hal_i2c.o
 .debug_abbrev  0x0000000000002114      0x14c ./Drivers/STM32F4xx_HAL_Driver/Src/stm32f4xx_hal_i2c_ex.o
 .debug_abbrev  0x0000000000002260      0x2aa ./Drivers/STM32F4xx_HAL_Driver/Src/stm32f4xx_hal_rcc.o
 .debug_abbrev  0x000000000000250a      0x25d ./Drivers/STM32F4xx_HAL_Driver/Src/stm32f4xx_hal_tim.o
 .debug_abbrev  0x0000000000002767      0x265 ./Drivers/STM32F4xx_HAL_Driver/Src/stm32f4xx_hal_tim_ex.o
 .debug_abbrev  0x00000000000029cc      0x2f4 ./Drivers/STM32F4xx_HAL_Driver/Src/stm32f4xx_hal_uart.o

.debug_aranges  0x0000000000000000     0x10e0
 .debug_aranges
                0x0000000000000000       0x40 ./Core/Src/btn.o
 .debug_aranges
                0x0000000000000040       0x50 ./Core/Src/buf.o
 .debug_aranges
                0x0000000000000090       0x20 ./Core/Src/gpio.o
 .debug_aranges
                0x00000000000000b0       0x30 ./Core/Src/i2c.o
 .debug_aranges
                0x00000000000000e0       0x48 ./Core/Src/keyboard.o
 .debug_aranges
                0x0000000000000128       0x70 ./Core/Src/main.o
 .debug_aranges
                0x0000000000000198       0x40 ./Core/Src/pca9538.o
 .debug_aranges
                0x00000000000001d8       0x20 ./Core/Src/stm32f4xx_hal_msp.o
 .debug_aranges
                0x00000000000001f8       0x70 ./Core/Src/stm32f4xx_it.o
 .debug_aranges
                0x0000000000000268       0x20 ./Core/Src/sysmem.o
 .debug_aranges
                0x0000000000000288       0x28 ./Core/Src/system_stm32f4xx.o
 .debug_aranges
                0x00000000000002b0       0x50 ./Core/Src/tim.o
 .debug_aranges
                0x0000000000000300       0x30 ./Core/Src/usart.o
 .debug_aranges
                0x0000000000000330       0x28 ./Core/Startup/startup_stm32f427vitx.o
 .debug_aranges
                0x0000000000000358      0x100 ./Drivers/STM32F4xx_HAL_Driver/Src/stm32f4xx_hal.o
 .debug_aranges
                0x0000000000000458      0x118 ./Drivers/STM32F4xx_HAL_Driver/Src/stm32f4xx_hal_cortex.o
 .debug_aranges
                0x0000000000000570       0x90 ./Drivers/STM32F4xx_HAL_Driver/Src/stm32f4xx_hal_dma.o
 .debug_aranges
                0x0000000000000600       0x58 ./Drivers/STM32F4xx_HAL_Driver/Src/stm32f4xx_hal_gpio.o
 .debug_aranges
                0x0000000000000658      0x2a0 ./Drivers/STM32F4xx_HAL_Driver/Src/stm32f4xx_hal_i2c.o
 .debug_aranges
                0x00000000000008f8       0x28 ./Drivers/STM32F4xx_HAL_Driver/Src/stm32f4xx_hal_i2c_ex.o
 .debug_aranges
                0x0000000000000920       0x88 ./Drivers/STM32F4xx_HAL_Driver/Src/stm32f4xx_hal_rcc.o
 .debug_aranges
                0x00000000000009a8      0x3d0 ./Drivers/STM32F4xx_HAL_Driver/Src/stm32f4xx_hal_tim.o
 .debug_aranges
                0x0000000000000d78      0x168 ./Drivers/STM32F4xx_HAL_Driver/Src/stm32f4xx_hal_tim_ex.o
 .debug_aranges
                0x0000000000000ee0      0x200 ./Drivers/STM32F4xx_HAL_Driver/Src/stm32f4xx_hal_uart.o

.debug_ranges   0x0000000000000000      0xfb0
 .debug_ranges  0x0000000000000000       0x30 ./Core/Src/btn.o
 .debug_ranges  0x0000000000000030       0x40 ./Core/Src/buf.o
 .debug_ranges  0x0000000000000070       0x10 ./Core/Src/gpio.o
 .debug_ranges  0x0000000000000080       0x20 ./Core/Src/i2c.o
 .debug_ranges  0x00000000000000a0       0x38 ./Core/Src/keyboard.o
 .debug_ranges  0x00000000000000d8       0x60 ./Core/Src/main.o
 .debug_ranges  0x0000000000000138       0x30 ./Core/Src/pca9538.o
 .debug_ranges  0x0000000000000168       0x10 ./Core/Src/stm32f4xx_hal_msp.o
 .debug_ranges  0x0000000000000178       0x60 ./Core/Src/stm32f4xx_it.o
 .debug_ranges  0x00000000000001d8       0x10 ./Core/Src/sysmem.o
 .debug_ranges  0x00000000000001e8       0x18 ./Core/Src/system_stm32f4xx.o
 .debug_ranges  0x0000000000000200       0x40 ./Core/Src/tim.o
 .debug_ranges  0x0000000000000240       0x20 ./Core/Src/usart.o
 .debug_ranges  0x0000000000000260       0x20 ./Core/Startup/startup_stm32f427vitx.o
 .debug_ranges  0x0000000000000280       0xf0 ./Drivers/STM32F4xx_HAL_Driver/Src/stm32f4xx_hal.o
 .debug_ranges  0x0000000000000370      0x108 ./Drivers/STM32F4xx_HAL_Driver/Src/stm32f4xx_hal_cortex.o
 .debug_ranges  0x0000000000000478       0x80 ./Drivers/STM32F4xx_HAL_Driver/Src/stm32f4xx_hal_dma.o
 .debug_ranges  0x00000000000004f8       0x48 ./Drivers/STM32F4xx_HAL_Driver/Src/stm32f4xx_hal_gpio.o
 .debug_ranges  0x0000000000000540      0x2a8 ./Drivers/STM32F4xx_HAL_Driver/Src/stm32f4xx_hal_i2c.o
 .debug_ranges  0x00000000000007e8       0x18 ./Drivers/STM32F4xx_HAL_Driver/Src/stm32f4xx_hal_i2c_ex.o
 .debug_ranges  0x0000000000000800       0x78 ./Drivers/STM32F4xx_HAL_Driver/Src/stm32f4xx_hal_rcc.o
 .debug_ranges  0x0000000000000878      0x3c0 ./Drivers/STM32F4xx_HAL_Driver/Src/stm32f4xx_hal_tim.o
 .debug_ranges  0x0000000000000c38      0x158 ./Drivers/STM32F4xx_HAL_Driver/Src/stm32f4xx_hal_tim_ex.o
 .debug_ranges  0x0000000000000d90      0x220 ./Drivers/STM32F4xx_HAL_Driver/Src/stm32f4xx_hal_uart.o

.debug_macro    0x0000000000000000    0x251b5
 .debug_macro   0x0000000000000000      0x213 ./Core/Src/btn.o
 .debug_macro   0x0000000000000213      0xa78 ./Core/Src/btn.o
 .debug_macro   0x0000000000000c8b       0x22 ./Core/Src/btn.o
 .debug_macro   0x0000000000000cad       0x8e ./Core/Src/btn.o
 .debug_macro   0x0000000000000d3b       0x51 ./Core/Src/btn.o
 .debug_macro   0x0000000000000d8c      0x103 ./Core/Src/btn.o
 .debug_macro   0x0000000000000e8f       0x6a ./Core/Src/btn.o
 .debug_macro   0x0000000000000ef9      0x1df ./Core/Src/btn.o
 .debug_macro   0x00000000000010d8       0x22 ./Core/Src/btn.o
 .debug_macro   0x00000000000010fa      0x2a1 ./Core/Src/btn.o
 .debug_macro   0x000000000000139b       0x2e ./Core/Src/btn.o
 .debug_macro   0x00000000000013c9       0x28 ./Core/Src/btn.o
 .debug_macro   0x00000000000013f1       0x1c ./Core/Src/btn.o
 .debug_macro   0x000000000000140d       0x22 ./Core/Src/btn.o
 .debug_macro   0x000000000000142f       0xd9 ./Core/Src/btn.o
 .debug_macro   0x0000000000001508     0x102d ./Core/Src/btn.o
 .debug_macro   0x0000000000002535      0x11f ./Core/Src/btn.o
 .debug_macro   0x0000000000002654    0x178a0 ./Core/Src/btn.o
 .debug_macro   0x0000000000019ef4       0x6d ./Core/Src/btn.o
 .debug_macro   0x0000000000019f61     0x36f5 ./Core/Src/btn.o
 .debug_macro   0x000000000001d656      0x174 ./Core/Src/btn.o
 .debug_macro   0x000000000001d7ca       0x5c ./Core/Src/btn.o
 .debug_macro   0x000000000001d826      0xc6d ./Core/Src/btn.o
 .debug_macro   0x000000000001e493      0x9fe ./Core/Src/btn.o
 .debug_macro   0x000000000001ee91      0x115 ./Core/Src/btn.o
 .debug_macro   0x000000000001efa6      0x16f ./Core/Src/btn.o
 .debug_macro   0x000000000001f115       0xa5 ./Core/Src/btn.o
 .debug_macro   0x000000000001f1ba      0x182 ./Core/Src/btn.o
 .debug_macro   0x000000000001f33c      0x287 ./Core/Src/btn.o
 .debug_macro   0x000000000001f5c3       0x5f ./Core/Src/btn.o
 .debug_macro   0x000000000001f622      0x236 ./Core/Src/btn.o
 .debug_macro   0x000000000001f858      0x132 ./Core/Src/btn.o
 .debug_macro   0x000000000001f98a      0x41d ./Core/Src/btn.o
 .debug_macro   0x000000000001fda7       0x2e ./Core/Src/btn.o
 .debug_macro   0x000000000001fdd5      0x1b5 ./Core/Src/btn.o
 .debug_macro   0x000000000001ff8a       0x22 ./Core/Src/btn.o
 .debug_macro   0x000000000001ffac       0xd6 ./Core/Src/btn.o
 .debug_macro   0x0000000000020082      0x11a ./Core/Src/btn.o
 .debug_macro   0x000000000002019c       0xe2 ./Core/Src/btn.o
 .debug_macro   0x000000000002027e       0x89 ./Core/Src/btn.o
 .debug_macro   0x0000000000020307      0x8e6 ./Core/Src/btn.o
 .debug_macro   0x0000000000020bed       0x47 ./Core/Src/btn.o
 .debug_macro   0x0000000000020c34      0x295 ./Core/Src/btn.o
 .debug_macro   0x0000000000020ec9      0x134 ./Core/Src/btn.o
 .debug_macro   0x0000000000020ffd       0x2e ./Core/Src/btn.o
 .debug_macro   0x000000000002102b      0x156 ./Core/Src/buf.o
 .debug_macro   0x0000000000021181       0x52 ./Core/Src/buf.o
 .debug_macro   0x00000000000211d3       0x1e ./Core/Src/buf.o
 .debug_macro   0x00000000000211f1       0x3c ./Core/Src/buf.o
 .debug_macro   0x000000000002122d       0x34 ./Core/Src/buf.o
 .debug_macro   0x0000000000021261       0x16 ./Core/Src/buf.o
 .debug_macro   0x0000000000021277       0x43 ./Core/Src/buf.o
 .debug_macro   0x00000000000212ba       0x34 ./Core/Src/buf.o
 .debug_macro   0x00000000000212ee       0x10 ./Core/Src/buf.o
 .debug_macro   0x00000000000212fe       0x58 ./Core/Src/buf.o
 .debug_macro   0x0000000000021356       0x71 ./Core/Src/buf.o
 .debug_macro   0x00000000000213c7       0x1c ./Core/Src/buf.o
 .debug_macro   0x00000000000213e3      0x12a ./Core/Src/buf.o
 .debug_macro   0x000000000002150d      0x341 ./Core/Src/buf.o
 .debug_macro   0x000000000002184e       0x10 ./Core/Src/buf.o
 .debug_macro   0x000000000002185e       0x35 ./Core/Src/buf.o
 .debug_macro   0x0000000000021893       0x20 ./Core/Src/buf.o
 .debug_macro   0x00000000000218b3      0x1fb ./Core/Src/gpio.o
 .debug_macro   0x0000000000021aae      0x1fb ./Core/Src/i2c.o
 .debug_macro   0x0000000000021ca9      0x255 ./Core/Src/keyboard.o
 .debug_macro   0x0000000000021efe       0x4c ./Core/Src/keyboard.o
 .debug_macro   0x0000000000021f4a       0x94 ./Core/Src/keyboard.o
 .debug_macro   0x0000000000021fde       0x3a ./Core/Src/keyboard.o
 .debug_macro   0x0000000000022018       0x57 ./Core/Src/keyboard.o
 .debug_macro   0x000000000002206f       0x82 ./Core/Src/keyboard.o
 .debug_macro   0x00000000000220f1      0x460 ./Core/Src/keyboard.o
 .debug_macro   0x0000000000022551      0x104 ./Core/Src/keyboard.o
 .debug_macro   0x0000000000022655       0x52 ./Core/Src/keyboard.o
 .debug_macro   0x00000000000226a7      0x428 ./Core/Src/main.o
 .debug_macro   0x0000000000022acf       0x10 ./Core/Src/main.o
 .debug_macro   0x0000000000022adf       0x1c ./Core/Src/main.o
 .debug_macro   0x0000000000022afb       0x10 ./Core/Src/main.o
 .debug_macro   0x0000000000022b0b       0x10 ./Core/Src/main.o
 .debug_macro   0x0000000000022b1b       0x1c ./Core/Src/main.o
 .debug_macro   0x0000000000022b37       0x52 ./Core/Src/main.o
 .debug_macro   0x0000000000022b89       0x22 ./Core/Src/main.o
 .debug_macro   0x0000000000022bab       0x10 ./Core/Src/main.o
 .debug_macro   0x0000000000022bbb       0x52 ./Core/Src/main.o
 .debug_macro   0x0000000000022c0d       0xd5 ./Core/Src/main.o
 .debug_macro   0x0000000000022ce2       0x1c ./Core/Src/main.o
 .debug_macro   0x0000000000022cfe       0x3d ./Core/Src/main.o
 .debug_macro   0x0000000000022d3b       0x16 ./Core/Src/main.o
 .debug_macro   0x0000000000022d51      0x145 ./Core/Src/main.o
 .debug_macro   0x0000000000022e96      0x23d ./Core/Src/pca9538.o
 .debug_macro   0x00000000000230d3      0x1f1 ./Core/Src/stm32f4xx_hal_msp.o
 .debug_macro   0x00000000000232c4      0x1fb ./Core/Src/stm32f4xx_it.o
 .debug_macro   0x00000000000234bf       0xff ./Core/Src/sysmem.o
 .debug_macro   0x00000000000235be      0x23b ./Core/Src/sysmem.o
 .debug_macro   0x00000000000237f9      0x1e7 ./Core/Src/system_stm32f4xx.o
 .debug_macro   0x00000000000239e0      0x1fb ./Core/Src/tim.o
 .debug_macro   0x0000000000023bdb      0x1fb ./Core/Src/usart.o
 .debug_macro   0x0000000000023dd6      0x247 ./Drivers/STM32F4xx_HAL_Driver/Src/stm32f4xx_hal.o
 .debug_macro   0x000000000002401d      0x1e7 ./Drivers/STM32F4xx_HAL_Driver/Src/stm32f4xx_hal_cortex.o
 .debug_macro   0x0000000000024204      0x1ed ./Drivers/STM32F4xx_HAL_Driver/Src/stm32f4xx_hal_dma.o
 .debug_macro   0x00000000000243f1      0x1ed ./Drivers/STM32F4xx_HAL_Driver/Src/stm32f4xx_hal_gpio.o
 .debug_macro   0x00000000000245de      0x22e ./Drivers/STM32F4xx_HAL_Driver/Src/stm32f4xx_hal_i2c.o
 .debug_macro   0x000000000002480c      0x1e7 ./Drivers/STM32F4xx_HAL_Driver/Src/stm32f4xx_hal_i2c_ex.o
 .debug_macro   0x00000000000249f3      0x20b ./Drivers/STM32F4xx_HAL_Driver/Src/stm32f4xx_hal_rcc.o
 .debug_macro   0x0000000000024bfe      0x1e8 ./Drivers/STM32F4xx_HAL_Driver/Src/stm32f4xx_hal_tim.o
 .debug_macro   0x0000000000024de6      0x1e7 ./Drivers/STM32F4xx_HAL_Driver/Src/stm32f4xx_hal_tim_ex.o
 .debug_macro   0x0000000000024fcd      0x1e8 ./Drivers/STM32F4xx_HAL_Driver/Src/stm32f4xx_hal_uart.o

.debug_line     0x0000000000000000    0x16a6f
 .debug_line    0x0000000000000000      0x815 ./Core/Src/btn.o
 .debug_line    0x0000000000000815      0x76c ./Core/Src/buf.o
 .debug_line    0x0000000000000f81      0x717 ./Core/Src/gpio.o
 .debug_line    0x0000000000001698      0x795 ./Core/Src/i2c.o
 .debug_line    0x0000000000001e2d      0x95a ./Core/Src/keyboard.o
 .debug_line    0x0000000000002787     0x11dc ./Core/Src/main.o
 .debug_line    0x0000000000003963      0x89c ./Core/Src/pca9538.o
 .debug_line    0x00000000000041ff      0x718 ./Core/Src/stm32f4xx_hal_msp.o
 .debug_line    0x0000000000004917      0x80b ./Core/Src/stm32f4xx_it.o
 .debug_line    0x0000000000005122      0x521 ./Core/Src/sysmem.o
 .debug_line    0x0000000000005643      0x79a ./Core/Src/system_stm32f4xx.o
 .debug_line    0x0000000000005ddd      0x848 ./Core/Src/tim.o
 .debug_line    0x0000000000006625      0x785 ./Core/Src/usart.o
 .debug_line    0x0000000000006daa       0x88 ./Core/Startup/startup_stm32f427vitx.o
 .debug_line    0x0000000000006e32      0xa36 ./Drivers/STM32F4xx_HAL_Driver/Src/stm32f4xx_hal.o
 .debug_line    0x0000000000007868      0xcaf ./Drivers/STM32F4xx_HAL_Driver/Src/stm32f4xx_hal_cortex.o
 .debug_line    0x0000000000008517      0xf64 ./Drivers/STM32F4xx_HAL_Driver/Src/stm32f4xx_hal_dma.o
 .debug_line    0x000000000000947b      0xb9c ./Drivers/STM32F4xx_HAL_Driver/Src/stm32f4xx_hal_gpio.o
 .debug_line    0x000000000000a017     0x39b5 ./Drivers/STM32F4xx_HAL_Driver/Src/stm32f4xx_hal_i2c.o
 .debug_line    0x000000000000d9cc      0x793 ./Drivers/STM32F4xx_HAL_Driver/Src/stm32f4xx_hal_i2c_ex.o
 .debug_line    0x000000000000e15f      0xd7a ./Drivers/STM32F4xx_HAL_Driver/Src/stm32f4xx_hal_rcc.o
 .debug_line    0x000000000000eed9     0x36f4 ./Drivers/STM32F4xx_HAL_Driver/Src/stm32f4xx_hal_tim.o
 .debug_line    0x00000000000125cd     0x19fd ./Drivers/STM32F4xx_HAL_Driver/Src/stm32f4xx_hal_tim_ex.o
 .debug_line    0x0000000000013fca     0x2aa5 ./Drivers/STM32F4xx_HAL_Driver/Src/stm32f4xx_hal_uart.o

.debug_str      0x0000000000000000    0xdba06
 .debug_str     0x0000000000000000    0xd1981 ./Core/Src/btn.o
                                      0xd1c10 (size before relaxing)
 .debug_str     0x00000000000d1981     0x2f00 ./Core/Src/buf.o
                                       0x766d (size before relaxing)
 .debug_str     0x00000000000d4881      0x131 ./Core/Src/gpio.o
                                      0xd1b39 (size before relaxing)
 .debug_str     0x00000000000d49b2      0x56c ./Core/Src/i2c.o
                                      0xd2173 (size before relaxing)
 .debug_str     0x00000000000d4f1e     0x122f ./Core/Src/keyboard.o
                                      0xd3008 (size before relaxing)
 .debug_str     0x00000000000d614d     0x1752 ./Core/Src/main.o
                                      0xd76b7 (size before relaxing)
 .debug_str     0x00000000000d789f       0xa6 ./Core/Src/pca9538.o
                                      0xd33b5 (size before relaxing)
 .debug_str     0x00000000000d7945       0x2c ./Core/Src/stm32f4xx_hal_msp.o
                                      0xd1b39 (size before relaxing)
 .debug_str     0x00000000000d7971      0x116 ./Core/Src/stm32f4xx_it.o
                                      0xd2236 (size before relaxing)
 .debug_str     0x00000000000d7a87      0x4da ./Core/Src/sysmem.o
                                       0x5daf (size before relaxing)
 .debug_str     0x00000000000d7f61       0xdb ./Core/Src/system_stm32f4xx.o
                                      0xd1be9 (size before relaxing)
 .debug_str     0x00000000000d803c      0x723 ./Core/Src/tim.o
                                      0xd2877 (size before relaxing)
 .debug_str     0x00000000000d875f       0x51 ./Core/Src/usart.o
                                      0xd261a (size before relaxing)
 .debug_str     0x00000000000d87b0       0x36 ./Core/Startup/startup_stm32f427vitx.o
                                         0x71 (size before relaxing)
 .debug_str     0x00000000000d87e6      0x63c ./Drivers/STM32F4xx_HAL_Driver/Src/stm32f4xx_hal.o
                                      0xd27f5 (size before relaxing)
 .debug_str     0x00000000000d8e22      0x32d ./Drivers/STM32F4xx_HAL_Driver/Src/stm32f4xx_hal_cortex.o
                                      0xd24da (size before relaxing)
 .debug_str     0x00000000000d914f      0x323 ./Drivers/STM32F4xx_HAL_Driver/Src/stm32f4xx_hal_dma.o
                                      0xd1ff0 (size before relaxing)
 .debug_str     0x00000000000d9472      0x122 ./Drivers/STM32F4xx_HAL_Driver/Src/stm32f4xx_hal_gpio.o
                                      0xd1d64 (size before relaxing)
 .debug_str     0x00000000000d9594      0xaa8 ./Drivers/STM32F4xx_HAL_Driver/Src/stm32f4xx_hal_i2c.o
                                      0xd2ba6 (size before relaxing)
 .debug_str     0x00000000000da03c       0x3b ./Drivers/STM32F4xx_HAL_Driver/Src/stm32f4xx_hal_i2c_ex.o
                                      0xd1fb8 (size before relaxing)
 .debug_str     0x00000000000da077      0x213 ./Drivers/STM32F4xx_HAL_Driver/Src/stm32f4xx_hal_rcc.o
                                      0xd201d (size before relaxing)
 .debug_str     0x00000000000da28a      0xd48 ./Drivers/STM32F4xx_HAL_Driver/Src/stm32f4xx_hal_tim.o
                                      0xd2f50 (size before relaxing)
 .debug_str     0x00000000000dafd2      0x493 ./Drivers/STM32F4xx_HAL_Driver/Src/stm32f4xx_hal_tim_ex.o
                                      0xd276c (size before relaxing)
 .debug_str     0x00000000000db465      0x5a1 ./Drivers/STM32F4xx_HAL_Driver/Src/stm32f4xx_hal_uart.o
                                      0xd25a9 (size before relaxing)

.comment        0x0000000000000000       0x50
 .comment       0x0000000000000000       0x50 ./Core/Src/btn.o
                                         0x51 (size before relaxing)
 .comment       0x0000000000000050       0x51 ./Core/Src/buf.o
 .comment       0x0000000000000050       0x51 ./Core/Src/gpio.o
 .comment       0x0000000000000050       0x51 ./Core/Src/i2c.o
 .comment       0x0000000000000050       0x51 ./Core/Src/keyboard.o
 .comment       0x0000000000000050       0x51 ./Core/Src/main.o
 .comment       0x0000000000000050       0x51 ./Core/Src/pca9538.o
 .comment       0x0000000000000050       0x51 ./Core/Src/stm32f4xx_hal_msp.o
 .comment       0x0000000000000050       0x51 ./Core/Src/stm32f4xx_it.o
 .comment       0x0000000000000050       0x51 ./Core/Src/sysmem.o
 .comment       0x0000000000000050       0x51 ./Core/Src/system_stm32f4xx.o
 .comment       0x0000000000000050       0x51 ./Core/Src/tim.o
 .comment       0x0000000000000050       0x51 ./Core/Src/usart.o
 .comment       0x0000000000000050       0x51 ./Drivers/STM32F4xx_HAL_Driver/Src/stm32f4xx_hal.o
 .comment       0x0000000000000050       0x51 ./Drivers/STM32F4xx_HAL_Driver/Src/stm32f4xx_hal_cortex.o
 .comment       0x0000000000000050       0x51 ./Drivers/STM32F4xx_HAL_Driver/Src/stm32f4xx_hal_dma.o
 .comment       0x0000000000000050       0x51 ./Drivers/STM32F4xx_HAL_Driver/Src/stm32f4xx_hal_gpio.o
 .comment       0x0000000000000050       0x51 ./Drivers/STM32F4xx_HAL_Driver/Src/stm32f4xx_hal_i2c.o
 .comment       0x0000000000000050       0x51 ./Drivers/STM32F4xx_HAL_Driver/Src/stm32f4xx_hal_i2c_ex.o
 .comment       0x0000000000000050       0x51 ./Drivers/STM32F4xx_HAL_Driver/Src/stm32f4xx_hal_rcc.o
 .comment       0x0000000000000050       0x51 ./Drivers/STM32F4xx_HAL_Driver/Src/stm32f4xx_hal_tim.o
 .comment       0x0000000000000050       0x51 ./Drivers/STM32F4xx_HAL_Driver/Src/stm32f4xx_hal_tim_ex.o
 .comment       0x0000000000000050       0x51 ./Drivers/STM32F4xx_HAL_Driver/Src/stm32f4xx_hal_uart.o

.debug_frame    0x0000000000000000     0x4a14
 .debug_frame   0x0000000000000000       0xd4 ./Core/Src/btn.o
 .debug_frame   0x00000000000000d4      0x118 ./Core/Src/buf.o
 .debug_frame   0x00000000000001ec       0x38 ./Core/Src/gpio.o
 .debug_frame   0x0000000000000224       0x74 ./Core/Src/i2c.o
 .debug_frame   0x0000000000000298       0xf8 ./Core/Src/keyboard.o
 .debug_frame   0x0000000000000390      0x1a8 ./Core/Src/main.o