../Core/Src/main.c:63:6:enable_interrupts	8	static
../Core/Src/main.c:68:6:disable_interrupts	8	static
../Core/Src/main.c:79:6:transmit	16	static
../Core/Src/main.c:89:6:transmitc	16	static
../Core/Src/main.c:93:6:receive	8	static
../Core/Src/main.c:103:6:HAL_UART_RxCpltCallback	16	static
../Core/Src/main.c:108:6:HAL_UART_TxCpltCallback	1040	static
../Core/Src/main.c:171:8:is_digit	16	static
../Core/Src/main.c:120:5:main	672	static
../Core/Src/main.c:175:8:is_digits	32	static
../Core/Src/main.c:184:8:validate_command	40	static
../Core/Src/main.c:306:6:SystemClock_Config	88	static
../Core/Src/main.c:351:6:Error_Handler	4	static,ignoring_inline_asm
