../Core/Src/main.c:63:6:enable_interrupts	8	static
../Core/Src/main.c:68:6:disable_interrupts	8	static
../Core/Src/main.c:80:6:transmit	16	static
../Core/Src/main.c:90:6:transmitc	16	static
../Core/Src/main.c:94:6:receive	8	static
../Core/Src/main.c:104:6:HAL_UART_RxCpltCallback	16	static
../Core/Src/main.c:109:6:HAL_UART_TxCpltCallback	1040	static
../Core/Src/main.c:172:8:is_digit	16	static
../Core/Src/main.c:121:5:main	672	static
../Core/Src/main.c:176:8:validate_command	40	static
../Core/Src/main.c:240:8:prevalidate_command	24	static
../Core/Src/main.c:327:6:SystemClock_Config	88	static
../Core/Src/main.c:372:6:Error_Handler	4	static,ignoring_inline_asm
